<?xml version="1.0" encoding="utf-8"?><testsuites name="pytest tests"><testsuite name="pytest" errors="0" failures="2" skipped="8" tests="612" time="75.792" timestamp="2026-02-19T23:05:32.027391+01:00" hostname="delly"><testcase classname="gameday_designer.tests.test_api.TestTemplateListEndpoint" name="test_anonymous_can_list_templates" time="18.836" /><testcase classname="gameday_designer.tests.test_api.TestTemplateListEndpoint" name="test_list_returns_lightweight_serializer" time="1.020" /><testcase classname="gameday_designer.tests.test_api.TestTemplateListEndpoint" name="test_staff_sees_all_templates" time="0.698" /><testcase classname="gameday_designer.tests.test_api.TestTemplateListEndpoint" name="test_filtering_by_association" time="0.676" /><testcase classname="gameday_designer.tests.test_api.TestTemplateDetailEndpoint" name="test_anonymous_can_retrieve_template" time="0.681" /><testcase classname="gameday_designer.tests.test_api.TestTemplateDetailEndpoint" name="test_detail_includes_nested_slots" time="0.854" /><testcase classname="gameday_designer.tests.test_api.TestTemplateDetailEndpoint" name="test_detail_includes_nested_update_rules" time="0.633" /><testcase classname="gameday_designer.tests.test_api.TestTemplateDetailEndpoint" name="test_retrieve_nonexistent_template_returns_404" time="0.010" /><testcase classname="gameday_designer.tests.test_api.TestTemplateCreateEndpoint" name="test_anonymous_cannot_create_template" time="0.014" /><testcase classname="gameday_designer.tests.test_api.TestTemplateCreateEndpoint" name="test_staff_can_create_template" time="0.352" /><testcase classname="gameday_designer.tests.test_api.TestTemplateCreateEndpoint" name="test_staff_can_create_global_template" time="0.325" /><testcase classname="gameday_designer.tests.test_api.TestTemplateCreateEndpoint" name="test_association_user_can_create_template" time="0.267" /><testcase classname="gameday_designer.tests.test_api.TestTemplateCreateEndpoint" name="test_create_validates_required_fields" time="0.240" /><testcase classname="gameday_designer.tests.test_api.TestTemplateUpdateEndpoint" name="test_anonymous_cannot_update_template" time="0.266" /><testcase classname="gameday_designer.tests.test_api.TestTemplateUpdateEndpoint" name="test_staff_can_update_any_template" time="0.299" /><testcase classname="gameday_designer.tests.test_api.TestTemplateUpdateEndpoint" name="test_partial_update_with_patch" time="0.253" /><testcase classname="gameday_designer.tests.test_api.TestTemplateUpdateEndpoint" name="test_association_user_can_update_association_template" time="0.456" /><testcase classname="gameday_designer.tests.test_api.TestTemplateUpdateEndpoint" name="test_association_user_cannot_update_global_template" time="0.461" /><testcase classname="gameday_designer.tests.test_api.TestTemplateDeleteEndpoint" name="test_anonymous_cannot_delete_template" time="0.225" /><testcase classname="gameday_designer.tests.test_api.TestTemplateDeleteEndpoint" name="test_staff_can_delete_template" time="0.230" /><testcase classname="gameday_designer.tests.test_api.TestTemplateDeleteEndpoint" name="test_association_user_cannot_delete_template" time="0.458" /><testcase classname="gameday_designer.tests.test_api.TestTemplateApplyEndpoint" name="test_anonymous_cannot_apply_template" time="0.234" /><testcase classname="gameday_designer.tests.test_api.TestTemplateApplyEndpoint" name="test_staff_can_apply_template" time="0.259" /><testcase classname="gameday_designer.tests.test_api.TestTemplateApplyEndpoint" name="test_association_user_can_apply_template" time="0.482" /><testcase classname="gameday_designer.tests.test_api.TestTemplateApplyEndpoint" name="test_apply_validates_gameday_exists" time="0.219" /><testcase classname="gameday_designer.tests.test_api.TestTemplateApplyEndpoint" name="test_apply_creates_audit_record" time="0.233" /><testcase classname="gameday_designer.tests.test_api.TestTemplateCloneEndpoint" name="test_anonymous_cannot_clone_template" time="0.221" /><testcase classname="gameday_designer.tests.test_api.TestTemplateCloneEndpoint" name="test_staff_can_clone_template" time="0.246" /><testcase classname="gameday_designer.tests.test_api.TestTemplateCloneEndpoint" name="test_clone_includes_slots" time="0.239" /><testcase classname="gameday_designer.tests.test_api.TestTemplateCloneEndpoint" name="test_association_user_can_clone_template" time="0.440" /><testcase classname="gameday_designer.tests.test_api.TestTemplateValidateEndpoint" name="test_anyone_can_validate_template" time="0.235" /><testcase classname="gameday_designer.tests.test_api.TestTemplateValidateEndpoint" name="test_validate_returns_validation_result" time="0.227" /><testcase classname="gameday_designer.tests.test_api.TestTemplatePreviewEndpoint" name="test_anyone_can_preview_template" time="0.221" /><testcase classname="gameday_designer.tests.test_api.TestTemplatePreviewEndpoint" name="test_preview_includes_slot_details" time="0.233" /><testcase classname="gameday_designer.tests.test_api.TestTemplateUsageEndpoint" name="test_anyone_can_view_usage_statistics" time="0.238" /><testcase classname="gameday_designer.tests.test_api.TestTemplateUsageEndpoint" name="test_usage_shows_application_count" time="0.238" /><testcase classname="gameday_designer.tests.test_integration.TestGamedayDesignerIntegration" name="test_api_list_gamedays_search" time="0.031" /><testcase classname="gameday_designer.tests.test_integration.TestGamedayDesignerIntegration" name="test_api_session_auth_integration" time="0.173" /><testcase classname="gameday_designer.tests.test_integration.TestGamedayDesignerIntegration" name="test_designer_app_loads" time="0.018" /><testcase classname="gameday_designer.tests.test_migrate_json_schedules.MigrateJsonSchedulesCommandTestCase" name="test_break_after_parsed_correctly" time="0.539" /><testcase classname="gameday_designer.tests.test_migrate_json_schedules.MigrateJsonSchedulesCommandTestCase" name="test_command_exists" time="0.004" /><testcase classname="gameday_designer.tests.test_migrate_json_schedules.MigrateJsonSchedulesCommandTestCase" name="test_creates_slots_from_schedule_json" time="0.036" /><testcase classname="gameday_designer.tests.test_migrate_json_schedules.MigrateJsonSchedulesCommandTestCase" name="test_creates_template_from_simple_schedule" time="0.009" /><testcase classname="gameday_designer.tests.test_migrate_json_schedules.MigrateJsonSchedulesCommandTestCase" name="test_creates_update_rules_from_update_json" time="0.033" /><testcase classname="gameday_designer.tests.test_migrate_json_schedules.MigrateJsonSchedulesCommandTestCase" name="test_dry_run_mode_creates_no_templates" time="0.004" /><testcase classname="gameday_designer.tests.test_migrate_json_schedules.MigrateJsonSchedulesCommandTestCase" name="test_dry_run_output_shows_summary" time="0.003" /><testcase classname="gameday_designer.tests.test_migrate_json_schedules.MigrateJsonSchedulesCommandTestCase" name="test_field_number_parsed_correctly" time="0.040" /><testcase classname="gameday_designer.tests.test_migrate_json_schedules.MigrateJsonSchedulesCommandTestCase" name="test_format_filter_multiple_formats" time="0.004" /><testcase classname="gameday_designer.tests.test_migrate_json_schedules.MigrateJsonSchedulesCommandTestCase" name="test_format_filter_single_format" time="0.004" /><testcase classname="gameday_designer.tests.test_migrate_json_schedules.MigrateJsonSchedulesCommandTestCase" name="test_handles_missing_update_file_gracefully" time="0.010" /><testcase classname="gameday_designer.tests.test_migrate_json_schedules.MigrateJsonSchedulesCommandTestCase" name="test_idempotency_does_not_duplicate_templates" time="0.060" /><testcase classname="gameday_designer.tests.test_migrate_json_schedules.MigrateJsonSchedulesCommandTestCase" name="test_infers_num_fields_from_json" time="0.030" /><testcase classname="gameday_designer.tests.test_migrate_json_schedules.MigrateJsonSchedulesCommandTestCase" name="test_infers_num_groups_from_json" time="0.031" /><testcase classname="gameday_designer.tests.test_migrate_json_schedules.MigrateJsonSchedulesCommandTestCase" name="test_output_shows_progress" time="0.027" /><testcase classname="gameday_designer.tests.test_migrate_json_schedules.MigrateJsonSchedulesCommandTestCase" name="test_parses_empty_slot" time="0.029" /><testcase classname="gameday_designer.tests.test_migrate_json_schedules.MigrateJsonSchedulesCommandTestCase" name="test_parses_standing_gruppe_references" time="0.029" /><testcase classname="gameday_designer.tests.test_migrate_json_schedules.MigrateJsonSchedulesCommandTestCase" name="test_parses_team_assignment_group_index" time="0.032" /><testcase classname="gameday_designer.tests.test_migrate_json_schedules.MigrateJsonSchedulesCommandTestCase" name="test_parses_team_assignment_reference_string" time="0.031" /><testcase classname="gameday_designer.tests.test_migrate_json_schedules.MigrateJsonSchedulesCommandTestCase" name="test_processes_all_schedules_by_default" time="0.465" /><testcase classname="gameday_designer.tests.test_migrate_json_schedules.MigrateJsonSchedulesCommandTestCase" name="test_slot_order_increments_correctly" time="0.033" /><testcase classname="gameday_designer.tests.test_migrate_json_schedules.MigrateJsonSchedulesCommandTestCase" name="test_update_rule_has_pre_finished_stage" time="0.037" /><testcase classname="gameday_designer.tests.test_migrate_json_schedules.MigrateJsonSchedulesCommandTestCase" name="test_update_rule_team_has_standing_and_place" time="0.030" /><testcase classname="gameday_designer.tests.test_migrate_json_schedules.MigrateJsonSchedulesCommandTestCase" name="test_update_rule_team_points_filter" time="0.031" /><testcase classname="gameday_designer.tests.test_migrate_json_schedules.MigrateJsonSchedulesCommandTestCase" name="test_update_rule_team_pre_finished_override" time="0.033" /><testcase classname="gameday_designer.tests.test_migrate_json_schedules.JsonParsingTestCase" name="test_game_entry_has_required_fields" time="0.015" /><testcase classname="gameday_designer.tests.test_migrate_json_schedules.JsonParsingTestCase" name="test_schedule_json_files_exist" time="0.002" /><testcase classname="gameday_designer.tests.test_migrate_json_schedules.JsonParsingTestCase" name="test_schedule_json_has_expected_structure" time="0.001" /><testcase classname="gameday_designer.tests.test_migrate_json_schedules.JsonParsingTestCase" name="test_update_json_files_exist" time="0.002" /><testcase classname="gameday_designer.tests.test_migrate_json_schedules.JsonParsingTestCase" name="test_update_json_has_expected_structure" time="0.003" /><testcase classname="gameday_designer.tests.test_migration_validation.TestScheduleMigrationValidation" name="test_json_schedule_creates_gameday_2_1" time="0.075" /><testcase classname="gameday_designer.tests.test_migration_validation.TestScheduleMigrationValidation" name="test_json_schedule_creates_gameday_4_1" time="0.076" /><testcase classname="gameday_designer.tests.test_migration_validation.TestScheduleMigrationValidation" name="test_json_schedule_creates_gameday_6_2" time="0.102" /><testcase classname="gameday_designer.tests.test_migration_validation.TestMigrationCoverage" name="test_all_formats_have_json_files" time="0.016" /><testcase classname="gameday_designer.tests.test_migration_validation.TestMigrationCoverage" name="test_migration_creates_all_templates" time="0.471" /><testcase classname="gameday_designer.tests.test_migration_validation.TestTemplateStructure" name="test_template_has_correct_num_teams" time="0.509" /><testcase classname="gameday_designer.tests.test_migration_validation.TestTemplateStructure" name="test_template_has_slots" time="0.457" /><testcase classname="gameday_designer.tests.test_migration_validation.TestTemplateStructure" name="test_template_slots_have_valid_team_assignments" time="0.482" /><testcase classname="gameday_designer.tests.test_models.TestScheduleTemplate" name="test_create_global_template" time="0.014" /><testcase classname="gameday_designer.tests.test_models.TestScheduleTemplate" name="test_create_association_template" time="0.003" /><testcase classname="gameday_designer.tests.test_models.TestScheduleTemplate" name="test_unique_constraint_name_per_association" time="0.003" /><testcase classname="gameday_designer.tests.test_models.TestScheduleTemplate" name="test_global_and_association_can_have_same_name" time="0.003" /><testcase classname="gameday_designer.tests.test_models.TestScheduleTemplate" name="test_check_constraint_num_teams_positive" time="0.005" /><testcase classname="gameday_designer.tests.test_models.TestScheduleTemplate" name="test_check_constraint_num_fields_positive" time="0.006" /><testcase classname="gameday_designer.tests.test_models.TestScheduleTemplate" name="test_check_constraint_game_duration_range" time="0.007" /><testcase classname="gameday_designer.tests.test_models.TestScheduleTemplate" name="test_cascade_delete_slots_when_template_deleted" time="0.008" /><testcase classname="gameday_designer.tests.test_models.TestScheduleTemplate" name="test_ordering_by_created_at_desc" time="0.003" /><testcase classname="gameday_designer.tests.test_models.TestTemplateSlot" name="test_create_slot_with_group_team_placeholder" time="0.003" /><testcase classname="gameday_designer.tests.test_models.TestTemplateSlot" name="test_create_slot_with_reference_placeholder" time="0.003" /><testcase classname="gameday_designer.tests.test_models.TestTemplateSlot" name="test_validation_team_cannot_play_itself" time="0.003" /><testcase classname="gameday_designer.tests.test_models.TestTemplateSlot" name="test_validation_home_team_cannot_referee_itself" time="0.003" /><testcase classname="gameday_designer.tests.test_models.TestTemplateSlot" name="test_validation_away_team_cannot_referee_itself" time="0.003" /><testcase classname="gameday_designer.tests.test_models.TestTemplateSlot" name="test_validation_field_within_template_fields" time="0.003" /><testcase classname="gameday_designer.tests.test_models.TestTemplateSlot" name="test_validation_group_within_template_groups" time="0.004" /><testcase classname="gameday_designer.tests.test_models.TestTemplateSlot" name="test_ordering_by_field_and_slot_order" time="0.005" /><testcase classname="gameday_designer.tests.test_models.TestTemplateUpdateRule" name="test_create_update_rule_with_team_rules" time="0.004" /><testcase classname="gameday_designer.tests.test_models.TestTemplateUpdateRule" name="test_update_rule_with_different_official_pre_finished" time="0.004" /><testcase classname="gameday_designer.tests.test_models.TestTemplateUpdateRule" name="test_unique_constraint_one_update_rule_per_slot" time="0.003" /><testcase classname="gameday_designer.tests.test_models.TestTemplateUpdateRule" name="test_unique_constraint_one_team_rule_per_role" time="0.004" /><testcase classname="gameday_designer.tests.test_models.TestTemplateApplication" name="test_create_template_application_record" time="0.004" /><testcase classname="gameday_designer.tests.test_models.TestTemplateApplication" name="test_template_application_cascade_on_template_delete" time="0.007" /><testcase classname="gameday_designer.tests.test_models.TestTemplateApplication" name="test_template_application_cascade_on_gameday_delete" time="0.007" /><testcase classname="gameday_designer.tests.test_permissions.TestIsAssociationMemberOrStaffPermission" name="test_anonymous_can_read_templates" time="0.223" /><testcase classname="gameday_designer.tests.test_permissions.TestIsAssociationMemberOrStaffPermission" name="test_anonymous_cannot_create_templates" time="0.001" /><testcase classname="gameday_designer.tests.test_permissions.TestIsAssociationMemberOrStaffPermission" name="test_anonymous_cannot_update_templates" time="0.221" /><testcase classname="gameday_designer.tests.test_permissions.TestIsAssociationMemberOrStaffPermission" name="test_anonymous_cannot_delete_templates" time="0.232" /><testcase classname="gameday_designer.tests.test_permissions.TestIsAssociationMemberOrStaffPermission" name="test_staff_can_read_any_template" time="0.440" /><testcase classname="gameday_designer.tests.test_permissions.TestIsAssociationMemberOrStaffPermission" name="test_staff_can_create_any_template" time="0.214" /><testcase classname="gameday_designer.tests.test_permissions.TestIsAssociationMemberOrStaffPermission" name="test_staff_can_update_any_template" time="0.445" /><testcase classname="gameday_designer.tests.test_permissions.TestIsAssociationMemberOrStaffPermission" name="test_staff_can_delete_any_template" time="0.430" /><testcase classname="gameday_designer.tests.test_permissions.TestIsAssociationMemberOrStaffPermission" name="test_association_user_can_read_all_templates" time="0.456" /><testcase classname="gameday_designer.tests.test_permissions.TestIsAssociationMemberOrStaffPermission" name="test_association_user_can_create_template_for_own_association" time="0.222" /><testcase classname="gameday_designer.tests.test_permissions.TestIsAssociationMemberOrStaffPermission" name="test_association_user_can_update_own_association_template" time="0.220" /><testcase classname="gameday_designer.tests.test_permissions.TestIsAssociationMemberOrStaffPermission" name="test_association_user_cannot_update_other_association_template" time="0.441" /><testcase classname="gameday_designer.tests.test_permissions.TestIsAssociationMemberOrStaffPermission" name="test_association_user_cannot_create_global_template" time="0.224" /><testcase classname="gameday_designer.tests.test_permissions.TestIsAssociationMemberOrStaffPermission" name="test_association_user_cannot_update_global_template" time="0.428" /><testcase classname="gameday_designer.tests.test_permissions.TestIsAssociationMemberOrStaffPermission" name="test_association_user_cannot_delete_templates" time="0.210" /><testcase classname="gameday_designer.tests.test_permissions.TestCanApplyTemplatePermission" name="test_anonymous_cannot_apply_template" time="0.002" /><testcase classname="gameday_designer.tests.test_permissions.TestCanApplyTemplatePermission" name="test_staff_can_apply_any_template" time="0.444" /><testcase classname="gameday_designer.tests.test_permissions.TestCanApplyTemplatePermission" name="test_association_user_can_apply_templates" time="0.430" /><testcase classname="gameday_designer.tests.test_permissions.TestCanApplyTemplatePermission" name="test_authenticated_user_can_apply_template" time="0.440" /><testcase classname="gameday_designer.tests.test_permissions.TestPermissionIntegration" name="test_permission_flow_for_template_lifecycle" time="0.433" /><testcase classname="gameday_designer.tests.test_ranking_e2e.TestRankingStageE2E" name="test_apply_template_with_ranking_stage" time="0.237" /><testcase classname="gameday_designer.tests.test_ranking_stages.TestRankingStageIntegration" name="test_create_ranking_stage_slot" time="0.238" /><testcase classname="gameday_designer.tests.test_ranking_stages.TestRankingStageIntegration" name="test_default_stage_type_is_standard" time="0.229" /><testcase classname="gameday_designer.tests.test_serializers.TestTemplateSlotSerializer" name="test_serialize_slot_with_group_team_placeholders" time="0.226" /><testcase classname="gameday_designer.tests.test_serializers.TestTemplateSlotSerializer" name="test_serialize_slot_with_reference_placeholders" time="0.219" /><testcase classname="gameday_designer.tests.test_serializers.TestTemplateSlotSerializer" name="test_deserialize_and_validate_slot" time="0.230" /><testcase classname="gameday_designer.tests.test_serializers.TestTemplateUpdateRuleTeamSerializer" name="test_serialize_team_rule" time="0.233" /><testcase classname="gameday_designer.tests.test_serializers.TestTemplateUpdateRuleSerializer" name="test_serialize_update_rule_with_nested_team_rules" time="0.226" /><testcase classname="gameday_designer.tests.test_serializers.TestScheduleTemplateListSerializer" name="test_serialize_template_list_view" time="0.225" /><testcase classname="gameday_designer.tests.test_serializers.TestScheduleTemplateListSerializer" name="test_serialize_global_template" time="0.217" /><testcase classname="gameday_designer.tests.test_serializers.TestScheduleTemplateListSerializer" name="test_serialize_template_without_creator" time="0.231" /><testcase classname="gameday_designer.tests.test_serializers.TestScheduleTemplateDetailSerializer" name="test_serialize_template_detail_with_slots" time="0.228" /><testcase classname="gameday_designer.tests.test_serializers.TestScheduleTemplateDetailSerializer" name="test_serialize_template_with_update_rules" time="0.225" /><testcase classname="gameday_designer.tests.test_serializers.TestScheduleTemplateDetailSerializer" name="test_create_template_auto_populates_created_by" time="0.216" /><testcase classname="gameday_designer.tests.test_serializers.TestScheduleTemplateDetailSerializer" name="test_update_template_auto_populates_updated_by" time="0.452" /><testcase classname="gameday_designer.tests.test_serializers.TestApplyTemplateRequestSerializer" name="test_validate_apply_request" time="0.224" /><testcase classname="gameday_designer.tests.test_serializers.TestApplyTemplateRequestSerializer" name="test_validate_team_mapping_must_be_dict" time="0.222" /><testcase classname="gameday_designer.tests.test_serializers.TestTemplateApplicationSerializer" name="test_serialize_template_application" time="0.466" /><testcase classname="gameday_designer.tests.test_serializers.TestSerializerValidation" name="test_slot_validation_mutually_exclusive_placeholders" time="0.237" /><testcase classname="gameday_designer.tests.test_serializers.TestSerializerValidation" name="test_template_validation_positive_num_teams" time="0.229" /><testcase classname="gameday_designer.tests.test_template_application_service.TestTemplateApplicationServiceCompatibility" name="test_validate_compatibility_success" time="0.007" /><testcase classname="gameday_designer.tests.test_template_application_service.TestTemplateApplicationServiceCompatibility" name="test_validate_compatibility_insufficient_fields" time="0.007" /><testcase classname="gameday_designer.tests.test_template_application_service.TestTemplateApplicationServiceCompatibility" name="test_validate_compatibility_incomplete_team_mapping" time="0.007" /><testcase classname="gameday_designer.tests.test_template_application_service.TestTemplateApplicationServiceCompatibility" name="test_validate_compatibility_team_does_not_exist" time="0.008" /><testcase classname="gameday_designer.tests.test_template_application_service.TestTemplateApplicationServiceGameinfoCreation" name="test_apply_creates_gameinfos" time="0.021" /><testcase classname="gameday_designer.tests.test_template_application_service.TestTemplateApplicationServiceGameinfoCreation" name="test_apply_creates_gameresults" time="0.022" /><testcase classname="gameday_designer.tests.test_template_application_service.TestTemplateApplicationServiceGameinfoCreation" name="test_apply_calculates_scheduled_times" time="0.027" /><testcase classname="gameday_designer.tests.test_template_application_service.TestTemplateApplicationServiceClearExisting" name="test_apply_clears_existing_gameinfos" time="0.024" /><testcase classname="gameday_designer.tests.test_template_application_service.TestTemplateApplicationServiceAuditTrail" name="test_apply_creates_audit_record" time="0.018" /><testcase classname="gameday_designer.tests.test_template_application_service.TestTemplateApplicationServiceTransactions" name="test_apply_is_atomic" time="0.008" /><testcase classname="gameday_designer.tests.test_template_application_service.TestTemplateApplicationServiceResult" name="test_application_result_success" time="0.017" /><testcase classname="gameday_designer.tests.test_template_validation_service.TestTemplateValidationService" name="test_validate_success" time="0.004" /><testcase classname="gameday_designer.tests.test_template_validation_service.TestTemplateValidationService" name="test_validate_incomplete_inputs" time="0.004" /><testcase classname="gameday_designer.tests.test_template_validation_service.TestTemplateValidationService" name="test_validate_circular_dependency" time="0.004" /><testcase classname="gameday_designer.tests.test_template_validation_service.TestTemplateValidationService" name="test_validate_official_playing" time="0.003" /><testcase classname="gameday_designer.tests.test_template_validation_service.TestTemplateValidationService" name="test_validate_duplicate_standings" time="0.004" /><testcase classname="gamedays.api.tests.test_PR793_serializers.TestGamedaySerializers" name="test_list_serializer_includes_designer_data" time="0.008" /><testcase classname="gamedays.api.tests.test_PR793_serializers.TestGamedaySerializers" name="test_gameday_serializer_to_representation" time="0.010" /><testcase classname="gamedays.api.tests.test_PR793_serializers.TestGamedaySerializers" name="test_gameday_serializer_to_representation_fallback" time="0.008" /><testcase classname="gamedays.api.tests.test_game_result.TestGameResult" name="test_gameday_completed_when_all_games_finished" time="0.169" /><testcase classname="gamedays.api.tests.test_game_result.TestGameResult" name="test_update_final_score_success" time="0.053" /><testcase classname="gamedays.api.tests.test_game_result.TestGameResult" name="test_update_halftime_score_success" time="0.056" /><testcase classname="gamedays.api.tests.test_gameday_publish.TestGamedayPublish" name="test_publish_already_published_fails" time="0.060" /><testcase classname="gamedays.api.tests.test_gameday_publish.TestGamedayPublish" name="test_publish_gameday_success" time="0.082" /><testcase classname="gamedays.tests.api.test_game_results_api.GameResultsAPITest" name="test_get_gameday_games" time="0.275" /><testcase classname="gamedays.tests.api.test_game_results_api.GameResultsAPITest" name="test_update_game_result" time="0.333" /><testcase classname="gamedays.tests.api.test_game_views.TestRetrieveUpdateOfficials" name="test_create_officials" time="0.074" /><testcase classname="gamedays.tests.api.test_game_views.TestRetrieveUpdateOfficials" name="test_officials_get" time="0.048" /><testcase classname="gamedays.tests.api.test_game_views.TestRetrieveUpdateOfficials" name="test_officials_will_be_updated" time="0.059" /><testcase classname="gamedays.tests.api.test_game_views.TestGameSetup" name="test_game_setup_create" time="0.073" /><testcase classname="gamedays.tests.api.test_game_views.TestGameSetup" name="test_game_setup_get" time="0.043" /><testcase classname="gamedays.tests.api.test_game_views.TestGameSetup" name="test_game_setup_not_found_" time="0.004" /><testcase classname="gamedays.tests.api.test_game_views.TestGameSetup" name="test_game_setup_update" time="0.053" /><testcase classname="gamedays.tests.api.test_game_views.TestGameLog" name="test_game_not_found_exception" time="0.024" /><testcase classname="gamedays.tests.api.test_game_views.TestGameLog" name="test_get_team_log" time="0.036" /><testcase classname="gamedays.tests.api.test_game_views.TestGameLog" name="test_post_team_log" time="0.079" /><testcase classname="gamedays.tests.api.test_game_views.TestGameLog" name="test_post_team_log_change_of_possession" time="0.072" /><testcase classname="gamedays.tests.api.test_game_views.TestGameLog" name="test_post_team_log_updates_score" time="0.075" /><testcase classname="gamedays.tests.api.test_game_views.TestGameLog" name="test_post_team_log_with_empty_pat" time="0.075" /><testcase classname="gamedays.tests.api.test_game_views.TestGameLog" name="test_score_is_updated_with_multiple_entries" time="0.182" /><testcase classname="gamedays.tests.api.test_game_views.TestGameLog" name="test_team_log_entry_is_deleted" time="0.051" /><testcase classname="gamedays.tests.api.test_game_views.TestGameHalftime" name="test_halftime_submitted" time="0.068" /><testcase classname="gamedays.tests.api.test_game_views.TestGameFinalize" name="test_game_is_finalized" time="0.091" /><testcase classname="gamedays.tests.api.test_game_views.TestConfigPenaltiesAPIView" name="test_get_penalty_list" time="0.022" /><testcase classname="gamedays.tests.api.test_game_views.TestGamePossessionAPIView" name="test_put_game_possession" time="0.064" /><testcase classname="gamedays.tests.api.test_gameday_viewset.GamedayViewSetTest" name="test_create_gameday" time="0.273" /><testcase classname="gamedays.tests.api.test_gameday_viewset.GamedayViewSetTest" name="test_delete_draft_gameday_allowed" time="0.237" /><testcase classname="gamedays.tests.api.test_gameday_viewset.GamedayViewSetTest" name="test_delete_published_gameday_blocked" time="0.223" /><testcase classname="gamedays.tests.api.test_gameday_viewset.GamedayViewSetTest" name="test_filter_season" time="0.235" /><testcase classname="gamedays.tests.api.test_gameday_viewset.GamedayViewSetTest" name="test_filter_status" time="0.229" /><testcase classname="gamedays.tests.api.test_gameday_viewset.GamedayViewSetTest" name="test_list_gamedays_plural" time="0.222" /><testcase classname="gamedays.tests.api.test_gameday_viewset.GamedayViewSetTest" name="test_publish_gameday" time="0.221" /><testcase classname="gamedays.tests.api.test_gameday_viewset.GamedayViewSetTest" name="test_search_gamedays" time="0.227" /><testcase classname="gamedays.tests.api.test_views.TestGamedayAPIViews" name="test_gameday_list" time="0.034"><skipped type="pytest.xfail" message="" /></testcase><testcase classname="gamedays.tests.api.test_views.TestGamedayRetrieveUpdate" name="test_api_retrieve_gameday" time="0.077" /><testcase classname="gamedays.tests.api.test_views.TestGameinfoRetrieveUpdate" name="test_api_retrieve_gameinfo" time="0.052" /><testcase classname="gamedays.tests.api.test_views.TestGameinfoRetrieveUpdate" name="test_update_gameinfo" time="0.047" /><testcase classname="gamedays.tests.api.test_views.TestGamedaySchedule" name="test_get_empty_final_table" time="0.061" /><testcase classname="gamedays.tests.api.test_views.TestGamedaySchedule" name="test_get_empty_qualify_table" time="0.008" /><testcase classname="gamedays.tests.api.test_views.TestGamedaySchedule" name="test_get_empty_schedule" time="0.004" /><testcase classname="gamedays.tests.api.test_views.TestGamedaySchedule" name="test_get_final_table" time="0.074" /><testcase classname="gamedays.tests.api.test_views.TestGamedaySchedule" name="test_get_qualify_table" time="0.054" /><testcase classname="gamedays.tests.api.test_views.TestGamesToWhistleAPIView" name="test_get_all_games_to_whistle_for_all_teams" time="0.069" /><testcase classname="gamedays.tests.api.test_views.TestGamesToWhistleAPIView" name="test_get_games_to_whistle_for_specific_team" time="0.065" /><testcase classname="gamedays.tests.management.test_schedule_manager.TestScheduleCreator" name="test_schedule_created_for_4_teams" time="0.081" /><testcase classname="gamedays.tests.management.test_schedule_manager.TestScheduleCreator" name="test_schedule_created_for_4_teams_with_league_group" time="0.080" /><testcase classname="gamedays.tests.management.test_schedule_manager.TestScheduleCreator" name="test_schedule_created_for_5_teams_dffl1" time="0.081" /><testcase classname="gamedays.tests.management.test_schedule_manager.TestScheduleCreator" name="test_schedule_created_for_6_teams_and_2_fields" time="0.083" /><testcase classname="gamedays.tests.management.test_schedule_manager.TestScheduleCreator" name="test_schedule_created_for_schedule_with_one_slot_pause" time="0.099" /><testcase classname="gamedays.tests.management.test_schedule_manager.TestScheduleCreator" name="test_schedule_not_created_while_team_not_existent" time="0.065" /><testcase classname="gamedays.tests.management.test_schedule_manager.TestScheduleCreator" name="test_schedule_only_created_once_if_created_twice" time="0.121" /><testcase classname="gamedays.tests.service.test_bracket_resolution.TestBracketResolutionService" name="test_resolve_winner_reference" time="0.248" /><testcase classname="gamedays.tests.service.test_bracket_resolution.TestBracketResolutionService" name="test_get_unresolved_references" time="0.226" /><testcase classname="gamedays.tests.service.test_game_service.TestGameService" name="test_delete_entry" time="0.055" /><testcase classname="gamedays.tests.service.test_game_service.TestGameService" name="test_entry_for_game_created_halftime_and_finished_only_written_once" time="0.076" /><testcase classname="gamedays.tests.service.test_game_service.TestGameService" name="test_game_not_available" time="0.002" /><testcase classname="gamedays.tests.service.test_game_service.TestGameService" name="test_gamefinished_is_updated" time="0.054" /><testcase classname="gamedays.tests.service.test_game_service.TestGameService" name="test_gamestart_is_updated" time="0.039" /><testcase classname="gamedays.tests.service.test_game_service.TestGameService" name="test_update_game_by_halftime" time="0.039" /><testcase classname="gamedays.tests.service.test_game_service.TestGameService" name="test_update_score" time="0.072" /><testcase classname="gamedays.tests.service.test_gameday_form_service.TestGamedayFormService" name="test_calc_points_against_returns_sum" time="0.014" /><testcase classname="gamedays.tests.service.test_gameday_form_service.TestGamedayFormService" name="test_handle_gameinfo_and_gameresult" time="0.024" /><testcase classname="gamedays.tests.service.test_gameday_form_service.TestGamedayFormService" name="test_handle_gameinfo_deletes_when_flag_set" time="0.005" /><testcase classname="gamedays.tests.service.test_gameday_game_detail_service.TestGameService" name="test_gameday_game_detail_events" time="0.081" /><testcase classname="gamedays.tests.service.test_gameday_game_detail_service.TestGameService" name="test_gameday_game_detail_no_events" time="0.069" /><testcase classname="gamedays.tests.service.test_gameday_game_detail_service.TestGameService" name="test_gameday_game_detail_not_available" time="0.002" /><testcase classname="gamedays.tests.service.test_gameday_game_detail_service.TestGameService" name="test_gameday_game_detail_not_first_half_teamlog" time="0.049" /><testcase classname="gamedays.tests.service.test_gameday_service.TestGamedayService" name="test_get_all_games_to_whistle_for_all_teams" time="0.071" /><testcase classname="gamedays.tests.service.test_gameday_service.TestGamedayService" name="test_get_empty_gameday_to_html" time="0.003" /><testcase classname="gamedays.tests.service.test_gameday_service.TestGamedayService" name="test_get_empty_gameday_to_json" time="0.002" /><testcase classname="gamedays.tests.service.test_gameday_service.TestGamedayService" name="test_get_games_to_whistle" time="0.065" /><testcase classname="gamedays.tests.service.test_gameday_service_coverage.TestGamedayServiceCoverage" name="test_empty_gameday_service_methods" time="0.014" /><testcase classname="gamedays.tests.service.test_gameday_service_coverage.TestGamedayServiceCoverage" name="test_resolve_team_edge_cases" time="0.045" /><testcase classname="gamedays.tests.service.test_gamelog.TestGamelog" name="test_create_entries" time="0.026" /><testcase classname="gamedays.tests.service.test_gamelog.TestGamelog" name="test_entries_per_half" time="0.029" /><testcase classname="gamedays.tests.service.test_gamelog.TestGamelog" name="test_firsthalf_is_played" time="0.024" /><testcase classname="gamedays.tests.service.test_gamelog.TestGamelog" name="test_get_half_score" time="0.027" /><testcase classname="gamedays.tests.service.test_gamelog.TestGamelog" name="test_get_home_and_away_team" time="0.029" /><testcase classname="gamedays.tests.service.test_gamelog.TestGamelog" name="test_json_representation_of_gamelog_object" time="0.001" /><testcase classname="gamedays.tests.service.test_gamelog.TestGamelog" name="test_mark_log_deleted" time="0.030" /><testcase classname="gamedays.tests.service.test_gamelog.TestGamelog" name="test_secondhalf_is_played" time="0.026" /><testcase classname="gamedays.tests.service.test_gamelog.TestGamelogCreator" name="test_gamelog_is_created" time="0.057" /><testcase classname="gamedays.tests.service.test_gamelog.TestGamelogCreator" name="test_gamelog_with_penalty" time="0.040" /><testcase classname="gamedays.tests.service.test_gamelog.TestGamelogCreator" name="test_gamelog_with_timeout" time="0.040" /><testcase classname="gamedays.tests.service.test_model_wrapper.TestGamedayModelWrapper" name="test_empty_get_final_table" time="0.059" /><testcase classname="gamedays.tests.service.test_model_wrapper.TestGamedayModelWrapper" name="test_empty_get_qualify_table" time="0.049" /><testcase classname="gamedays.tests.service.test_model_wrapper.TestGamedayModelWrapper" name="test_get_all_second_places_for_prelim" time="0.100" /><testcase classname="gamedays.tests.service.test_model_wrapper.TestGamedayModelWrapper" name="test_get_final_table" time="0.066" /><testcase classname="gamedays.tests.service.test_model_wrapper.TestGamedayModelWrapper" name="test_get_final_table_for_7_teams" time="0.100" /><testcase classname="gamedays.tests.service.test_model_wrapper.TestGamedayModelWrapper" name="test_get_final_table_for_main_round" time="0.036" /><testcase classname="gamedays.tests.service.test_model_wrapper.TestGamedayModelWrapper" name="test_get_games_to_whistle" time="0.059" /><testcase classname="gamedays.tests.service.test_model_wrapper.TestGamedayModelWrapper" name="test_get_games_to_whistle_for_all_teams" time="0.059" /><testcase classname="gamedays.tests.service.test_model_wrapper.TestGamedayModelWrapper" name="test_get_mulitple_teams_by_standing_and_points" time="0.098" /><testcase classname="gamedays.tests.service.test_model_wrapper.TestGamedayModelWrapper" name="test_get_qualify_table" time="0.050" /><testcase classname="gamedays.tests.service.test_model_wrapper.TestGamedayModelWrapper" name="test_get_qualify_team_by" time="0.058" /><testcase classname="gamedays.tests.service.test_model_wrapper.TestGamedayModelWrapper" name="test_get_schedule" time="0.064" /><testcase classname="gamedays.tests.service.test_model_wrapper.TestGamedayModelWrapper" name="test_get_team_by" time="0.051" /><testcase classname="gamedays.tests.service.test_model_wrapper.TestGamedayModelWrapper" name="test_get_team_by_points" time="0.054" /><testcase classname="gamedays.tests.service.test_model_wrapper.TestGamedayModelWrapper" name="test_has_finalround" time="0.084" /><testcase classname="gamedays.tests.service.test_model_wrapper.TestGamedayModelWrapper" name="test_is_finished" time="0.048" /><testcase classname="gamedays.tests.service.test_model_wrapper.TestGamedayModelWrapper" name="test_is_not_finished" time="0.050" /><testcase classname="gamedays.tests.service.test_model_wrapper.TestGamedayModelWrapper" name="test_no_gameinfos_for_gameday" time="0.007" /><testcase classname="gamedays.tests.service.test_model_wrapper.TestGamedayModelWrapper" name="test_team_aggregation" time="0.115" /><testcase classname="gamedays.tests.service.test_reference_resolution.TestReferenceResolution" name="test_resolve_reference_winner" time="0.265" /><testcase classname="gamedays.tests.service.test_signals.TestSignals" name="test_schedule_is_updated" time="0.047" /><testcase classname="gamedays.tests.service.test_team_repository_service.TestTeamRepositoryService" name="test_get_description" time="0.015" /><testcase classname="gamedays.tests.service.test_team_repository_service.TestTeamRepositoryService" name="test_get_team_id" time="0.004" /><testcase classname="gamedays.tests.service.wrapper.test_gameinfo_wrapper.TestGameinfoWrapper" name="test_delete_by_gameday" time="0.052" /><testcase classname="gamedays.tests.service.wrapper.test_gameinfo_wrapper.TestGameinfoWrapper" name="test_game_finished_value_is_set" time="0.055" /><testcase classname="gamedays.tests.service.wrapper.test_gameinfo_wrapper.TestGameinfoWrapper" name="test_gamestarted_value_is_set" time="0.033" /><testcase classname="gamedays.tests.service.wrapper.test_gameinfo_wrapper.TestGameinfoWrapper" name="test_halftime_value_is_set" time="0.036" /><testcase classname="gamedays.tests.service.wrapper.test_gameinfo_wrapper.TestGameinfoWrapper" name="test_team_in_possesion_is_updated" time="0.040" /><testcase classname="gamedays.tests.service.wrapper.test_gameinfo_wrapper.TestGameinfoWrapper" name="test_update_gameday" time="0.040" /><testcase classname="gamedays.tests.service.wrapper.test_gameinfo_wrapper.TestGameinfoWrapper" name="test_update_standing_with_group" time="0.011" /><testcase classname="gamedays.tests.service.wrapper.test_gameinfo_wrapper.TestGameinfoWrapper" name="test_update_standing_with_group_string" time="0.007" /><testcase classname="gamedays.tests.service.wrapper.test_gameinfo_wrapper.TestGameinfoWrapper" name="test_update_standing_with_not_existent_group_id" time="0.012" /><testcase classname="gamedays.tests.service.wrapper.test_gameresult_wrapper.TestGameresultWrapper" name="test_create_gameresult" time="0.023" /><testcase classname="gamedays.tests.service.wrapper.test_gameresult_wrapper.TestGameresultWrapper" name="test_get_team_fullnames" time="0.034" /><testcase classname="gamedays.tests.service.wrapper.test_gameresult_wrapper.TestGameresultWrapper" name="test_get_team_names" time="0.041" /><testcase classname="gamedays.tests.service.wrapper.test_gameresult_wrapper.TestGameresultWrapper" name="test_get_team_scores" time="0.033" /><testcase classname="gamedays.tests.service.wrapper.test_gameresult_wrapper.TestGameresultWrapper" name="test_saves_score" time="0.040" /><testcase classname="gamedays.tests.test_forms.TestGamedayForm" name="test_gameday_form_has_expected_fields" time="0.013" /><testcase classname="gamedays.tests.test_forms.TestGamedayForm" name="test_gameday_form_respects_existing_format" time="0.010" /><testcase classname="gamedays.tests.test_forms.TestGamedayForm" name="test_gameday_form_sets_default_format_if_none" time="0.009" /><testcase classname="gamedays.tests.test_forms.TestGamedayForm" name="test_gameday_form_sets_last_season_initial" time="0.006" /><testcase classname="gamedays.tests.test_forms.TestGamedayFormatForm" name="test_gameday_format_form_accepts_valid_group" time="0.015" /><testcase classname="gamedays.tests.test_forms.TestGamedayFormatForm" name="test_gameday_format_form_renders_correctly" time="0.004" /><testcase classname="gamedays.tests.test_forms.TestGameinfoForm" name="test_gameinfo_form_initializes_from_instance" time="0.026" /><testcase classname="gamedays.tests.test_forms.TestGameinfoForm" name="test_gameinfo_form_renders_required_fields" time="0.002" /><testcase classname="gamedays.tests.test_forms.TestGameinfoForm" name="test_gameinfo_form_sets_placeholder_choices_for_multiple_entries" time="0.002" /><testcase classname="gamedays.tests.test_forms.TestGameinfoForm" name="test_gameinfo_form_sets_placeholder_choices_for_one_entry" time="0.002" /><testcase classname="gamedays.tests.test_forms.TestGameinfoForm" name="test_gameinfo_form_valid_submission" time="0.010" /><testcase classname="gamedays.tests.test_models_gamestate.GameStateModelTests" name="test_gameinfo_has_status_field" time="0.244" /><testcase classname="gamedays.tests.test_views.TestGamedayCreateView" name="test_create_gameday" time="0.098" /><testcase classname="gamedays.tests.test_views.TestGamedayCreateView" name="test_only_staff_user_can_create_gameday" time="0.016" /><testcase classname="gamedays.tests.test_views.TestGamedayDetailView" name="test_detail_view_gameday_not_available" time="0.018" /><testcase classname="gamedays.tests.test_views.TestGamedayDetailView" name="test_detail_view_with_empty_gameday" time="0.013" /><testcase classname="gamedays.tests.test_views.TestGamedayDetailView" name="test_detail_view_with_finished_gameday" time="0.119" /><testcase classname="gamedays.tests.test_views.TestGamedayGameDetailView" name="test_detail_view_with_gameday_game_no_team_log" time="0.057" /><testcase classname="gamedays.tests.test_views.TestGamedayGameDetailView" name="test_detail_view_with_gameday_game_team_log" time="0.074" /><testcase classname="gamedays.tests.test_views.TestGamedayGameDetailView" name="test_detail_view_with_no_gameday_game" time="0.011" /><testcase classname="gamedays.tests.test_views.TestGamedayUpdateView" name="test_anonymous_user_redirects_to_login" time="0.019" /><testcase classname="gamedays.tests.test_views.TestGamedayUpdateView" name="test_non_staff_user_forbidden" time="0.014" /><testcase classname="gamedays.tests.test_views.TestGamedayUpdateView" name="test_staff_user_can_access_update_view" time="0.051" /><testcase classname="gamedays.tests.test_views.TestStaffDeleteView" name="test_anonymous_user_redirects_to_login" time="0.018" /><testcase classname="gamedays.tests.test_views.TestStaffDeleteView" name="test_non_staff_user_forbidden" time="0.021" /><testcase classname="gamedays.tests.test_views.TestGamedayDeleteView" name="test_staff_user_can_access_update_view" time="0.037" /><testcase classname="gamedays.tests.test_views.TestGameinfoDeleteView" name="test_staff_user_can_access_update_view" time="0.073" /><testcase classname="gamedays.tests.test_views.TestGameinfoWizard" name="test_anonymous_redirects_to_login" time="0.018" /><testcase classname="gamedays.tests.test_views.TestGameinfoWizard" name="test_format_steps_warns_for_incorrect_number_of_teams" time="0.097" /><testcase classname="gamedays.tests.test_views.TestGameinfoWizard" name="test_non_staff_user_forbidden" time="0.015" /><testcase classname="gamedays.tests.test_views.TestGameinfoWizard" name="test_staff_user_can_access_first_step" time="0.022" /><testcase classname="gamedays.tests.test_views.TestGameinfoWizard" name="test_wizard_renders_all_steps_with_custom_gameday_format" time="0.243" /><testcase classname="gamedays.tests.test_views.TestGameinfoWizard" name="test_wizard_renders_all_steps_with_gameday_format_step" time="0.232" /><testcase classname="gamedays.tests.test_views.TestGameinfoWizard" name="test_wizard_with_league_group" time="0.220" /><testcase classname="gamedays.tests.test_views.TestGameinfoUpdateView" name="test_anonymous_user_redirects_to_login" time="0.018" /><testcase classname="gamedays.tests.test_views.TestGameinfoUpdateView" name="test_can_access_update_view_and_submit_form" time="0.612" /><testcase classname="gamedays.tests.test_views.TestGameinfoUpdateView" name="test_go_to_gameinfo_wizard_via_reset_button" time="0.058" /><testcase classname="gamedays.tests.test_views.TestGameinfoUpdateView" name="test_non_staff_user_forbidden" time="0.016" /><testcase classname="gamedays.tests.test_views.TestGameinfoUpdateView" name="test_redirect_to_wizard_if_gameday_has_no_gameinfos" time="0.030" /><testcase classname="league_manager.tests.test_sitemaps.TestStaticViewSitemap" name="test_static_sitemap_has_daily_changefreq" time="0.014" /><testcase classname="league_manager.tests.test_sitemaps.TestStaticViewSitemap" name="test_static_sitemap_home_has_highest_priority" time="0.001" /><testcase classname="league_manager.tests.test_sitemaps.TestStaticViewSitemap" name="test_static_sitemap_other_pages_have_lower_priority" time="0.001" /><testcase classname="league_manager.tests.test_sitemaps.TestStaticViewSitemap" name="test_static_sitemap_returns_home_page" time="0.001" /><testcase classname="league_manager.tests.test_sitemaps.TestStaticViewSitemap" name="test_static_sitemap_returns_liveticker_page" time="0.001" /><testcase classname="league_manager.tests.test_sitemaps.TestStaticViewSitemap" name="test_static_sitemap_returns_scorecard_page" time="0.003" /><testcase classname="league_manager.tests.test_sitemaps.TestLeaguetableSitemap" name="test_leaguetable_sitemap_has_correct_priority" time="0.015" /><testcase classname="league_manager.tests.test_sitemaps.TestLeaguetableSitemap" name="test_leaguetable_sitemap_has_weekly_changefreq" time="0.002" /><testcase classname="league_manager.tests.test_sitemaps.TestLeaguetableSitemap" name="test_leaguetable_sitemap_returns_league_pages" time="0.005" /><testcase classname="league_manager.tests.test_sitemaps.TestGamedaySitemap" name="test_gameday_sitemap_excludes_future_gamedays" time="0.238" /><testcase classname="league_manager.tests.test_sitemaps.TestGamedaySitemap" name="test_gameday_sitemap_has_correct_priority" time="0.218" /><testcase classname="league_manager.tests.test_sitemaps.TestGamedaySitemap" name="test_gameday_sitemap_has_weekly_changefreq" time="0.234" /><testcase classname="league_manager.tests.test_sitemaps.TestGamedaySitemap" name="test_gameday_sitemap_location_is_detail_url" time="0.225" /><testcase classname="league_manager.tests.test_sitemaps.TestGamedaySitemap" name="test_gameday_sitemap_returns_public_gamedays" time="0.227" /><testcase classname="league_manager.tests.test_sitemaps.TestPasscheckTeamSitemap" name="test_passcheck_sitemap_has_correct_priority" time="0.014" /><testcase classname="league_manager.tests.test_sitemaps.TestPasscheckTeamSitemap" name="test_passcheck_sitemap_has_weekly_changefreq" time="0.002" /><testcase classname="league_manager.tests.test_sitemaps.TestPasscheckTeamSitemap" name="test_passcheck_sitemap_location_is_roster_url" time="0.002" /><testcase classname="league_manager.tests.test_sitemaps.TestPasscheckTeamSitemap" name="test_passcheck_sitemap_returns_teams" time="0.004" /><testcase classname="league_manager.tests.test_sitemaps.TestOfficialsSitemap" name="test_officials_sitemap_has_correct_priority" time="0.013" /><testcase classname="league_manager.tests.test_sitemaps.TestOfficialsSitemap" name="test_officials_sitemap_has_weekly_changefreq" time="0.002" /><testcase classname="league_manager.tests.test_sitemaps.TestOfficialsSitemap" name="test_officials_sitemap_returns_static_pages" time="0.003" /><testcase classname="league_manager.tests.test_sitemaps.TestSitemapXMLEndpoint" name="test_sitemap_xml_contains_changefreq" time="0.028" /><testcase classname="league_manager.tests.test_sitemaps.TestSitemapXMLEndpoint" name="test_sitemap_xml_contains_home_page" time="0.007" /><testcase classname="league_manager.tests.test_sitemaps.TestSitemapXMLEndpoint" name="test_sitemap_xml_contains_priority" time="0.007" /><testcase classname="league_manager.tests.test_sitemaps.TestSitemapXMLEndpoint" name="test_sitemap_xml_contains_urlset_tag" time="0.007" /><testcase classname="league_manager.tests.test_sitemaps.TestSitemapXMLEndpoint" name="test_sitemap_xml_contains_valid_namespace" time="0.007" /><testcase classname="league_manager.tests.test_sitemaps.TestSitemapXMLEndpoint" name="test_sitemap_xml_is_accessible" time="0.006" /><testcase classname="league_manager.tests.test_sitemaps.TestSitemapXMLEndpoint" name="test_sitemap_xml_returns_xml_content_type" time="0.008" /><testcase classname="league_manager.tests.test_sitemaps.TestRobotsTxtEndpoint" name="test_robots_txt_allows_leaguetable" time="0.016" /><testcase classname="league_manager.tests.test_sitemaps.TestRobotsTxtEndpoint" name="test_robots_txt_allows_liveticker" time="0.004" /><testcase classname="league_manager.tests.test_sitemaps.TestRobotsTxtEndpoint" name="test_robots_txt_allows_scorecard" time="0.004" /><testcase classname="league_manager.tests.test_sitemaps.TestRobotsTxtEndpoint" name="test_robots_txt_contains_sitemap_filename" time="0.003" /><testcase classname="league_manager.tests.test_sitemaps.TestRobotsTxtEndpoint" name="test_robots_txt_contains_sitemap_location_directive" time="0.003" /><testcase classname="league_manager.tests.test_sitemaps.TestRobotsTxtEndpoint" name="test_robots_txt_contains_user_agent" time="0.004" /><testcase classname="league_manager.tests.test_sitemaps.TestRobotsTxtEndpoint" name="test_robots_txt_disallows_create" time="0.003" /><testcase classname="league_manager.tests.test_sitemaps.TestRobotsTxtEndpoint" name="test_robots_txt_disallows_delete" time="0.004" /><testcase classname="league_manager.tests.test_sitemaps.TestRobotsTxtEndpoint" name="test_robots_txt_disallows_update" time="0.003" /><testcase classname="league_manager.tests.test_sitemaps.TestRobotsTxtEndpoint" name="test_robots_txt_is_accessible" time="0.004" /><testcase classname="league_manager.tests.test_sitemaps.TestRobotsTxtEndpoint" name="test_robots_txt_returns_text_content_type" time="0.005" /><testcase classname="league_manager.tests.test_views.TestMaintenanceView" name="test_maintenance_page_is_delivered" time="0.018" /><testcase classname="league_manager.tests.test_views.TestHomeView" name="test_homeview_renders_correct_template" time="0.020" /><testcase classname="league_manager.tests.test_views.TestClearCacheView" name="test_clear_cache_allows_staff_users" time="0.466" /><testcase classname="league_manager.tests.test_views.TestClearCacheView" name="test_clear_cache_clears_cache_and_redirects_to_referer" time="0.432" /><testcase classname="league_manager.tests.test_views.TestClearCacheView" name="test_clear_cache_redirects_to_home_when_no_referer" time="0.437" /><testcase classname="league_manager.tests.test_views.TestClearCacheView" name="test_clear_cache_redirects_to_home_when_referer_not_allowed" time="0.445" /><testcase classname="league_manager.tests.test_views.TestClearCacheView" name="test_clear_cache_requires_staff_permission" time="0.451" /><testcase classname="league_manager.tests.test_views.TestAllTeamListView" name="test_all_team_list_view_calls_service_method" time="0.028" /><testcase classname="league_manager.tests.test_views.TestAllTeamListView" name="test_all_team_list_view_renders_correct_template" time="0.009" /><testcase classname="league_manager.tests.test_views.TestAllTeamListView" name="test_all_team_list_view_with_different_app_context" time="0.008" /><testcase classname="league_manager.tests.utils.test_view_utils.PermissionHelperTests" name="test_has_staff_or_user_permission_for_staff" time="0.014" /><testcase classname="league_manager.tests.utils.test_view_utils.PermissionHelperTests" name="test_has_staff_or_user_permission_for_user" time="0.004" /><testcase classname="league_table.tests.service.test_league_table.TestLeagueTable" name="test_empty_league_table" time="0.023" /><testcase classname="league_table.tests.service.test_league_table.TestLeagueTable" name="test_league_table" time="0.150" /><testcase classname="league_table.tests.service.test_league_table.TestLeagueTable" name="test_league_table_by_division_current_year_implicit" time="0.171" /><testcase classname="league_table.tests.service.test_league_table.TestLeagueTable" name="test_league_table_by_division_for_multiple_seasons" time="0.222" /><testcase classname="league_table.tests.service.test_league_table.TestLeagueTable" name="test_league_table_by_illegal_league_name" time="0.148" /><testcase classname="league_table.tests.service.test_league_table.TestLeagueTable" name="test_league_table_multiple_season" time="0.231" /><testcase classname="league_table.tests.test_models.TestGameinfoWrapperWithLeagueTableDependencies" name="test_delete_by_gameday" time="0.027" /><testcase classname="league_table.tests.test_views.TestGameinfoWizardWithLeagueGroup" name="test_wizard_renders_gameinfo_with_league_group_while_custom_format_selected" time="0.103" /><testcase classname="league_table.tests.test_views.TestGameinfoWizardWithLeagueGroup" name="test_wizard_renders_gameinfo_with_league_group_while_generic_format_selected" time="0.058" /><testcase classname="liveticker.tests.api.test_views.TestLivetickerAPIView" name="test_get_all_livetickers_only_scheduled" time="0.106" /><testcase classname="liveticker.tests.api.test_views.TestLivetickerAPIView" name="test_no_liveticker_found" time="0.006" /><testcase classname="liveticker.tests.service.test_liveticker_service.TestLivetickerService" name="test_get_all_livetickers_for_specific_gameday" time="0.105" /><testcase classname="liveticker.tests.service.test_liveticker_service.TestLivetickerService" name="test_get_all_livetickers_with_games_already_playing" time="0.052" /><testcase classname="liveticker.tests.service.test_liveticker_service.TestLivetickerService" name="test_get_livetickers_for_last_done_and_coming_up_games" time="0.055" /><testcase classname="liveticker.tests.service.test_liveticker_service.TestLivetickerService" name="test_get_livetickers_for_league" time="0.051" /><testcase classname="liveticker.tests.service.test_liveticker_service.TestLivetickerService" name="test_liveticker_get_all_ticks" time="0.058" /><testcase classname="liveticker.tests.service.test_liveticker_service.TestLivetickerService" name="test_liveticker_get_default_5_ticks" time="0.067" /><testcase classname="liveticker.tests.service.test_liveticker_service.TestLivetickerService" name="test_liveticker_init_correct" time="0.048" /><testcase classname="liveticker.tests.service.test_liveticker_service.TestLivetickerService" name="test_no_liveticker_available" time="0.013" /><testcase classname="officials.tests.api.test_serializer.TestOfficialSerializer" name="test_official_serializer_with_license" time="0.120" /><testcase classname="officials.tests.api.test_serializer.TestOfficialSerializer" name="test_official_serializer_without_association" time="0.106" /><testcase classname="officials.tests.api.test_serializer.TestOfficialGamelistSerializer" name="test_game_official_is_serialized" time="0.164" /><testcase classname="officials.tests.api.test_serializer.TestOfficialGameCountSerializer" name="test_games_are_count" time="0.153" /><testcase classname="officials.tests.api.test_views.TestOfficialsTeamListAPIView" name="test_get_empty_officials_for_non_existent_team" time="0.033" /><testcase classname="officials.tests.api.test_views.TestOfficialsTeamListAPIView" name="test_get_officials_for_team" time="0.025" /><testcase classname="officials.tests.api.test_views.TestOfficialsSearchName" name="test_search_finds_multiple_matches" time="0.037" /><testcase classname="officials.tests.api.test_views.TestOfficialsSearchName" name="test_search_first_name_is_too_short" time="0.007" /><testcase classname="officials.tests.api.test_views.TestOfficialsSearchName" name="test_search_for_empty_name" time="0.007" /><testcase classname="officials.tests.api.test_views.TestOfficialsSearchName" name="test_search_for_name" time="0.018" /><testcase classname="officials.tests.api.test_views.TestOfficialsSearchName" name="test_search_for_only_one_name_part" time="0.009" /><testcase classname="officials.tests.api.test_views.TestOfficialsSearchName" name="test_search_no_official_found" time="0.016" /><testcase classname="officials.tests.service.moodle.test_moodle_service.TestGameService" name="test_get_all_users_for_course" time="0.014" /><testcase classname="officials.tests.service.moodle.test_moodle_service.TestGameService" name="test_update_licenses_and_dont_create_new_license_due_failing_exam_result" time="0.023" /><testcase classname="officials.tests.service.moodle.test_moodle_service.TestGameService" name="test_update_licenses_create_official" time="0.019" /><testcase classname="officials.tests.service.moodle.test_moodle_service.TestGameService" name="test_update_licenses_no_matching_teams" time="0.004" /><testcase classname="officials.tests.service.moodle.test_moodle_service.TestGameService" name="test_update_licenses_update_official" time="0.018" /><testcase classname="officials.tests.service.moodle.test_moodle_service.TestGameService" name="test_update_licenses_user_has_no_result" time="0.014" /><testcase classname="officials.tests.service.moodle.test_moodle_service.TestGameService" name="test_update_licenses_with_no_matching_category_id" time="0.003" /><testcase classname="officials.tests.service.test_game_official_entries.TestInternalGameOfficialEntry" name="test_check_for_correct_value_is_illegal" time="0.012" /><testcase classname="officials.tests.service.test_game_official_entries.TestInternalGameOfficialEntry" name="test_check_for_type_is_correct" time="0.001" /><testcase classname="officials.tests.service.test_game_official_entries.TestInternalGameOfficialEntry" name="test_check_for_type_throws_error" time="0.002" /><testcase classname="officials.tests.service.test_game_official_entries.TestInternalGameOfficialEntry" name="test_internal_game_official_init_throws_exception_for_according_value" time="0.003" /><testcase classname="officials.tests.service.test_official_repository_service.TestOfficialsRepositoryService" name="test_get_officials_game_count_for_license" time="0.118" /><testcase classname="officials.tests.service.test_official_service.TestOfficialService" name="test_no_officials_found" time="0.013" /><testcase classname="officials.tests.service.test_official_service.TestOfficialService" name="test_officials_for_team_id" time="0.105" /><testcase classname="officials.tests.service.test_official_service.TestOfficialService" name="test_officials_for_team_id_and_specific_year" time="0.103" /><testcase classname="officials.tests.service.test_signup_service.TestOfficialSignupService" name="test_create_signup_allows_only_maximum_entries" time="0.041" /><testcase classname="officials.tests.service.test_signup_service.TestOfficialSignupService" name="test_create_signup_does_not_allow_duplicates" time="0.015" /><testcase classname="officials.tests.service.test_signup_service.TestOfficialSignupService" name="test_successfully_signed_up" time="0.018" /><testcase classname="officials.tests.test_views.TestOfficialListView" name="test_access_to_team_officials_only_for_team_member" time="0.148" /><testcase classname="officials.tests.test_views.TestOfficialListView" name="test_officials_access_forbidden_for_authenticated_user_but_not_team_member" time="0.124" /><testcase classname="officials.tests.test_views.TestOfficialListView" name="test_officials_names_are_obfuscated_for_anonymous_user" time="0.122" /><testcase classname="officials.tests.test_views.TestAddInternalGameOfficialUpdateView" name="test_game_official_entry_successfull" time="0.097" /><testcase classname="officials.tests.test_views.TestAddInternalGameOfficialUpdateView" name="test_gameinfo_id_not_a_int" time="0.025" /><testcase classname="officials.tests.test_views.TestAddInternalGameOfficialUpdateView" name="test_gameinfo_id_not_found" time="0.026" /><testcase classname="officials.tests.test_views.TestAddInternalGameOfficialUpdateView" name="test_official_id_not_found" time="0.058" /><testcase classname="officials.tests.test_views.TestAddInternalGameOfficialUpdateView" name="test_position_illegal_entry" time="0.069" /><testcase classname="officials.tests.test_views.TestGameCountOfficials" name="test_all_entries_will_be_checked" time="0.015"><skipped type="pytest.skip" message="MOODLE_URL is not configured">/home/cda/dev/leaguesphere/officials/tests/test_views.py:156: MOODLE_URL is not configured</skipped></testcase><testcase classname="officials.tests.test_views.TestMoodleLogin" name="test_login_fails_with_form_error" time="0.030" /><testcase classname="officials.tests.test_views.TestMoodleLogin" name="test_login_is_successful" time="0.017" /><testcase classname="officials.tests.test_views.TestOfficialSignUpListView" name="test_redirect_to_login" time="0.015" /><testcase classname="officials.tests.test_views.TestOfficialSignUpView" name="test_official_id_not_found_in_session" time="0.014" /><testcase classname="officials.tests.test_views.TestOfficialSignUpView" name="test_user_is_already_signed_up_for_gameday" time="0.022" /><testcase classname="passcheck.tests.api.test_serializers.TestRosterValidationSerializer" name="test_serializer_is_working_with_validator" time="0.028" /><testcase classname="passcheck.tests.api.test_serializers.TestRosterValidationSerializer" name="test_serializer_sets_validationError_when_no_validator_is_set" time="0.003" /><testcase classname="passcheck.tests.service.test_eligibility_validation.TestValidators" name="test_female_player_are_excepted" time="0.026" /><testcase classname="passcheck.tests.service.test_eligibility_validation.TestValidators" name="test_is_relegation_allowed_validator" time="0.016" /><testcase classname="passcheck.tests.service.test_eligibility_validation.TestValidators" name="test_max_game_days_validator" time="0.013" /><testcase classname="passcheck.tests.service.test_eligibility_validation.TestValidators" name="test_validate_final_gameday" time="0.016" /><testcase classname="passcheck.tests.service.test_eligibility_validation.TestValidators" name="test_youth_player_are_excepted" time="0.014" /><testcase classname="passcheck.tests.service.test_passcheck_service.TestPasscheckService" name="test_entries_are_deleted_and_created" time="0.054" /><testcase classname="passcheck.tests.service.test_passcheck_service.TestPasscheckService" name="test_entries_playerlist_gameday_are_created" time="0.027" /><testcase classname="passcheck.tests.service.test_passcheck_service.TestPasscheckService" name="test_entries_playerlist_gameday_are_updated" time="0.030" /><testcase classname="passcheck.tests.service.test_passcheck_service.TestPasscheckService" name="test_passcheck_verification_is_created" time="0.011" /><testcase classname="passcheck.tests.service.test_passcheck_service.TestPasscheckService" name="test_passcheck_verification_is_updated" time="0.012" /><testcase classname="passcheck.tests.service.test_transfer_service.TestTransferService" name="test_approve_transfer" time="0.038" /><testcase classname="passcheck.tests.service.test_transfer_service.TestTransferService" name="test_initialize_transfer" time="0.021" /><testcase classname="passcheck.tests.service.test_transfer_service.TestTransferService" name="test_reject_transfer" time="0.024" /><testcase classname="passcheck.tests.test_views.TestPasscheckPlayerGamesList" name="test_display_all_participated_games" time="0.058" /><testcase classname="passcheck.tests.test_views.TestRosterView" name="test_display_team_roster" time="0.055" /><testcase classname="passcheck.tests.test_views.TestPlayerlistDeleteView" name="test_display_team_roster" time="0.044" /><testcase classname="passcheck.tests.test_views.TestPlayerlistCreateView" name="test_create_player" time="0.065" /><testcase classname="passcheck.tests.test_views.TestPlayerlistUpdateView" name="test_update_player" time="0.090" /><testcase classname="passcheck.tests.test_views.TestPlayerlistTransferView" name="test_init_transfer" time="0.094" /><testcase classname="passcheck.tests.test_views.TestTransferListView" name="test_display_pending_transfers" time="0.038" /><testcase classname="gamedays.tests.management.test_schedule_update.TestScheduleUpdate" name="test_officials_update" time="0.476" /><testcase classname="gamedays.tests.management.test_schedule_update.TestScheduleUpdate" name="test_update_11_teams_3_fields" time="1.287"><failure message="AssertionError: &#10;  Expected:&#10;  {'data': [{'away': 'A2', 'field': 1, 'gameFinished': None, 'gameHalftime': None, 'gameStarted': None, 'gameday': 1, 'gameinfo': 1, 'home': 'A1', 'id': 1, 'id_away': '2', 'id_home': '1', 'in_possession': None, 'halftime_score': None, 'final_score': None, 'is_locked': False, 'index': 0, 'league_group': None, 'officials': 9, 'officials__name': 'C1', 'points_away': 4, 'points_home': 2, 'scheduled': '10:00:00', 'stage': 'Vorrunde', 'standing': 'Gruppe 1', 'status': 'beendet'}, {'away': 'B2', 'field': 2, 'gameFinished': None, 'gameHalftime': None, 'gameStarted': None, 'gameday': 1, 'gameinfo': 10, 'home': 'B1', 'id': 10, 'id_away': '20', 'id_home': '19', 'in_possession': None, 'halftime_score': None, 'final_score': None, 'is_locked': False, 'index': 9, 'league_group': None, 'officials': 10, 'officials__name': 'C2', 'points_away': 12, 'points_home': 10, 'scheduled': '10:00:00', 'stage': 'Vorrunde', 'standing': 'Gruppe 2', 'status': 'beendet'}, {'away': 'B3', 'field': 3, 'gameFinished': None, 'gameHalftime': None, 'gameStarted': None, 'gameday': 1, 'gameinfo': 18, 'home': 'B4', 'id': 18, 'id_away': '36', 'id_home': '35', 'in_possession': None, 'halftime_score': None, 'final_score': None, 'is_locked': False, 'index': 17, 'league_group': None, 'officials': 11, 'officials__name': 'C3', 'points_away': 14, 'points_home': 16, 'scheduled': '10:00:00', 'stage': 'Vorrunde', 'standing': 'Gruppe 2', 'status': 'beendet'}, {'away': 'A1', 'field': 1, 'gameFinished': None, 'gameHalftime': None, 'gameStarted': None, 'gameday': 1, 'gameinfo': 2, 'home': 'A3', 'id': 2, 'id_away': '4', 'id_home': '3', 'in_possession': None, 'halftime_score': None, 'final_score': None, 'is_locked': False, 'index': 1, 'league_group': None, 'officials': 5, 'officials__name': 'B1', 'points_away': 2, 'points_home': 6, 'scheduled': '11:10:00', 'stage': 'Vorrunde', 'standing': 'Gruppe 1', 'status': 'beendet'}, {'away': 'A4', 'field': 2, 'gameFinished': None, 'gameHalftime': None, 'gameStarted': None, 'gameday': 1, 'gameinfo': 11, 'home': 'A2', 'id': 11, 'id_away': '22', 'id_home': '21', 'in_possession': None, 'halftime_score': None, 'final_score': None, 'is_locked': False, 'index': 10, 'league_group': None, 'officials': 6, 'officials__name': 'B2', 'points_away': 8, 'points_home': 4, 'scheduled': '11:10:00', 'stage': 'Vorrunde', 'standing': 'Gruppe 1', 'status': 'beendet'}, {'away': 'C2', 'field': 3, 'gameFinished': None, 'gameHalftime': None, 'gameStarted': None, 'gameday': 1, 'gameinfo': 19, 'home': 'C1', 'id': 19, 'id_away': '38', 'id_home': '37', 'in_possession': None, 'halftime_score': None, 'final_score': None, 'is_locked': False, 'index': 18, 'league_group': None, 'officials': 7, 'officials__name': 'B3', 'points_away': 20, 'points_home': 18, 'scheduled': '11:10:00', 'stage': 'Vorrunde', 'standing': 'Gruppe 3', 'status': 'beendet'}, {'away': 'B1', 'field': 1, 'gameFinished': None, 'gameHalftime': None, 'gameStarted': None, 'gameday': 1, 'gameinfo': 3, 'home': 'B3', 'id': 3, 'id_away': '6', 'id_home': '5', 'in_possession': None, 'halftime_score': None, 'final_score': None, 'is_locked': False, 'index': 2, 'league_group': None, 'officials': 1, 'officials__name': 'A1', 'points_away': 10, 'points_home': 14, 'scheduled': '12:20:00', 'stage': 'Vorrunde', 'standing': 'Gruppe 2', 'status': 'beendet'}, {'away': 'B4', 'field': 2, 'gameFinished': None, 'gameHalftime': None, 'gameStarted': None, 'gameday': 1, 'gameinfo': 12, 'home': 'B2', 'id': 12, 'id_away': '24', 'id_home': '23', 'in_possession': None, 'halftime_score': None, 'final_score': None, 'is_locked': False, 'index': 11, 'league_group': None, 'officials': 3, 'officials__name': 'A3', 'points_away': 16, 'points_home': 12, 'scheduled': '12:20:00', 'stage': 'Vorrunde', 'standing': 'Gruppe 2', 'status': 'beendet'}, {'away': 'C3', 'field': 3, 'gameFinished': None, 'gameHalftime': None, 'gameStarted': None, 'gameday': 1, 'gameinfo': 20, 'home': 'C2', 'id': 20, 'id_away': '40', 'id_home': '39', 'in_possession': None, 'halftime_score': None, 'final_score': None, 'is_locked': False, 'index': 19, 'league_group': None, 'officials': 4, 'officials__name': 'A4', 'points_away': 22, 'points_home': 20, 'scheduled': '12:20:00', 'stage': 'Vorrunde', 'standing': 'Gruppe 3', 'status': 'beendet'}, {'away': 'A3', 'field': 1, 'gameFinished': None, 'gameHalftime': None, 'gameStarted': None, 'gameday': 1, 'gameinfo': 4, 'home': 'A4', 'id': 4, 'id_away': '8', 'id_home': '7', 'in_possession': None, 'halftime_score': None, 'final_score': None, 'is_locked': False, 'index': 3, 'league_group': None, 'officials': 9, 'officials__name': 'C1', 'points_away': 6, 'points_home': 8, 'scheduled': '13:30:00', 'stage': 'Vorrunde', 'standing': 'Gruppe 1', 'status': 'beendet'}, {'away': 'B1', 'field': 2, 'gameFinished': None, 'gameHalftime': None, 'gameStarted': None, 'gameday': 1, 'gameinfo': 13, 'home': 'B4', 'id': 13, 'id_away': '26', 'id_home': '25', 'in_possession': None, 'halftime_score': None, 'final_score': None, 'is_locked': False, 'index': 12, 'league_group': None, 'officials': 1, 'officials__name': 'A1', 'points_away': 10, 'points_home': 16, 'scheduled': '13:30:00', 'stage': 'Vorrunde', 'standing': 'Gruppe 2', 'status': 'beendet'}, {'away': 'B2', 'field': 3, 'gameFinished': None, 'gameHalftime': None, 'gameStarted': None, 'gameday': 1, 'gameinfo': 21, 'home': 'B3', 'id': 21, 'id_away': '42', 'id_home': '41', 'in_possession': None, 'halftime_score': None, 'final_score': None, 'is_locked': False, 'index': 20, 'league_group': None, 'officials': 2, 'officials__name': 'A2', 'points_away': 12, 'points_home': 14, 'scheduled': '13:30:00', 'stage': 'Vorrunde', 'standing': 'Gruppe 2', 'status': 'beendet'}, {'away': 'A1', 'field': 1, 'gameFinished': None, 'gameHalftime': None, 'gameStarted': None, 'gameday': 1, 'gameinfo': 5, 'home': 'A4', 'id': 5, 'id_away': '10', 'id_home': '9', 'in_possession': None, 'halftime_score': None, 'final_score': None, 'is_locked': False, 'index': 4, 'league_group': None, 'officials': 10, 'officials__name': 'C2', 'points_away': 2, 'points_home': 8, 'scheduled': '14:40:00', 'stage': 'Vorrunde', 'standing': 'Gruppe 1', 'status': 'beendet'}, {'away': 'A2', 'field': 2, 'gameFinished': None, 'gameHalftime': None, 'gameStarted': None, 'gameday': 1, 'gameinfo': 14, 'home': 'A3', 'id': 14, 'id_away': '28', 'id_home': '27', 'in_possession': None, 'halftime_score': None, 'final_score': None, 'is_locked': False, 'index': 13, 'league_group': None, 'officials': 5, 'officials__name': 'B1', 'points_away': 4, 'points_home': 6, 'scheduled': '14:40:00', 'stage': 'Vorrunde', 'standing': 'Gruppe 1', 'status': 'beendet'}, {'away': 'C1', 'field': 3, 'gameFinished': None, 'gameHalftime': None, 'gameStarted': None, 'gameday': 1, 'gameinfo': 22, 'home': 'C3', 'id': 22, 'id_away': '44', 'id_home': '43', 'in_possession': None, 'halftime_score': None, 'final_score': None, 'is_locked': False, 'index': 21, 'league_group': None, 'officials': 8, 'officials__name': 'B4', 'points_away': 18, 'points_home': 22, 'scheduled': '14:40:00', 'stage': 'Vorrunde', 'standing': 'Gruppe 3', 'status': 'beendet'}, {'away': 'C3', 'field': 1, 'gameFinished': None, 'gameHalftime': None, 'gameStarted': None, 'gameday': 1, 'gameinfo': 6, 'home': 'A3', 'id': 6, 'id_away': '12', 'id_home': '11', 'in_possession': None, 'halftime_score': None, 'final_score': None, 'is_locked': False, 'index': 5, 'league_group': None, 'officials': 1, 'officials__name': 'A1', 'points_away': 22, 'points_home': 6, 'scheduled': '15:50:00', 'stage': 'Finalrunde', 'standing': 'PO', 'status': 'beendet'}, {'away': 'B3', 'field': 2, 'gameFinished': None, 'gameHalftime': None, 'gameStarted': None, 'gameday': 1, 'gameinfo': 15, 'home': 'C2', 'id': 15, 'id_away': '30', 'id_home': '29', 'in_possession': None, 'halftime_score': None, 'final_score': None, 'is_locked': False, 'index': 14, 'league_group': None, 'officials': 9, 'officials__name': 'C1', 'points_away': 14, 'points_home': 20, 'scheduled': '15:50:00', 'stage': 'Finalrunde', 'standing': 'PO', 'status': 'beendet'}, {'away': 'B2', 'field': 3, 'gameFinished': None, 'gameHalftime': None, 'gameStarted': None, 'gameday': 1, 'gameinfo': 23, 'home': 'A2', 'id': 23, 'id_away': '46', 'id_home': '45', 'in_possession': None, 'halftime_score': None, 'final_score': None, 'is_locked': False, 'index': 22, 'league_group': None, 'officials': 5, 'officials__name': 'B1', 'points_away': 12, 'points_home': 4, 'scheduled': '15:50:00', 'stage': 'Finalrunde', 'standing': 'P7', 'status': 'beendet'}, {'away': 'B4', 'field': 1, 'gameFinished': None, 'gameHalftime': None, 'gameStarted': None, 'gameday': 1, 'gameinfo': 7, 'home': 'C2', 'id': 7, 'id_away': '14', 'id_home': '13', 'in_possession': None, 'halftime_score': None, 'final_score': None, 'is_locked': False, 'index': 6, 'league_group': None, 'officials': 2, 'officials__name': 'A2', 'points_away': 16, 'points_home': 20, 'scheduled': '17:00:00', 'stage': 'Finalrunde', 'standing': 'HF', 'status': 'beendet'}, {'away': 'A4', 'field': 2, 'gameFinished': None, 'gameHalftime': None, 'gameStarted': None, 'gameday': 1, 'gameinfo': 16, 'home': 'C3', 'id': 16, 'id_away': '32', 'id_home': '31', 'in_possession': None, 'halftime_score': None, 'final_score': None, 'is_locked': False, 'index': 15, 'league_group': None, 'officials': 2, 'officials__name': 'A2', 'points_away': 8, 'points_home': 22, 'scheduled': '17:00:00', 'stage': 'Finalrunde', 'standing': 'HF', 'status': 'beendet'}, {'away': 'C1', 'field': 3, 'gameFinished': None, 'gameHalftime': None, 'gameStarted': None, 'gameday': 1, 'gameinfo': 24, 'home': 'B2', 'id': 24, 'id_away': '48', 'id_home': '47', 'in_possession': None, 'halftime_score': None, 'final_score': None, 'is_locked': False, 'index': 23, 'league_group': None, 'officials': 3, 'officials__name': 'A3', 'points_away': 18, 'points_home': 12, 'scheduled': '17:00:00', 'stage': 'Finalrunde', 'standing': 'P7', 'status': 'beendet'}, {'away': 'A4', 'field': 1, 'gameFinished': None, 'gameHalftime': None, 'gameStarted': None, 'gameday': 1, 'gameinfo': 8, 'home': 'B4', 'id': 8, 'id_away': '16', 'id_home': '15', 'in_possession': None, 'halftime_score': None, 'final_score': None, 'is_locked': False, 'index': 7, 'league_group': None, 'officials': 6, 'officials__name': 'B2', 'points_away': 8, 'points_home': 16, 'scheduled': '18:10:00', 'stage': 'Finalrunde', 'standing': 'P3', 'status': 'beendet'}, {'away': 'B3', 'field': 2, 'gameFinished': None, 'gameHalftime': None, 'gameStarted': None, 'gameday': 1, 'gameinfo': 17, 'home': 'A3', 'id': 17, 'id_away': '34', 'id_home': '33', 'in_possession': None, 'halftime_score': None, 'final_score': None, 'is_locked': False, 'index': 16, 'league_group': None, 'officials': 5, 'officials__name': 'B1', 'points_away': 14, 'points_home': 6, 'scheduled': '18:10:00', 'stage': 'Finalrunde', 'standing': 'P5', 'status': 'beendet'}, {'away': 'A2', 'field': 3, 'gameFinished': None, 'gameHalftime': None, 'gameStarted': None, 'gameday': 1, 'gameinfo': 25, 'home': 'C1', 'id': 25, 'id_away': '50', 'id_home': '49', 'in_possession': None, 'halftime_score': None, 'final_score': None, 'is_locked': False, 'index': 24, 'league_group': None, 'officials': 1, 'officials__name': 'A1', 'points_away': 4, 'points_home': 18, 'scheduled': '18:10:00', 'stage': 'Finalrunde', 'standing': 'P7', 'status': 'beendet'}, {'away': 'C2', 'field': 1, 'gameFinished': None, 'gameHalftime': None, 'gameStarted': None, 'gameday': 1, 'gameinfo': 9, 'home': 'C3', 'id': 9, 'id_away': '18', 'id_home': '17', 'in_possession': None, 'halftime_score': None, 'final_score': None, 'is_locked': False, 'index': 8, 'league_group': None, 'officials': 8, 'officials__name': 'B4', 'points_away': 20, 'points_home': 22, 'scheduled': '19:20:00', 'stage': 'Finalrunde', 'standing': 'P1', 'status': 'beendet'}, {'away': 'B1', 'field': 3, 'gameFinished': None, 'gameHalftime': None, 'gameStarted': None, 'gameday': 1, 'gameinfo': 26, 'home': 'A1', 'id': 26, 'id_away': '52', 'id_home': '51', 'in_possession': None, 'halftime_score': None, 'final_score': None, 'is_locked': False, 'index': 25, 'league_group': None, 'officials': 7, 'officials__name': 'B3', 'points_away': 10, 'points_home': 2, 'scheduled': '19:20:00', 'stage': 'Finalrunde', 'standing': 'P10', 'status': 'beendet'}], 'schema': {'fields': [{'name': 'index', 'type': 'integer'}, {'name': 'id', 'type': 'integer'}, {'name': 'gameday', 'type': 'integer'}, {'name': 'scheduled', 'type': 'string'}, {'name': 'field', 'type': 'integer'}, {'name': 'officials', 'type': 'integer'}, {'name': 'status', 'type': 'string'}, {'name': 'gameStarted', 'type': 'string'}, {'name': 'gameHalftime', 'type': 'string'}, {'name': 'gameFinished', 'type': 'string'}, {'name': 'stage', 'type': 'string'}, {'name': 'standing', 'type': 'string'}, {'name': 'league_group', 'type': 'string'}, {'name': 'in_possession', 'type': 'string'}, {'name': 'halftime_score', 'type': 'string'}, {'name': 'final_score', 'type': 'string'}, {'name': 'is_locked', 'type': 'boolean'}, {'name': 'officials__name', 'type': 'string'}, {'name': 'gameinfo', 'type': 'integer'}, {'name': 'id_home', 'type': 'string'}, {'name': 'home', 'type': 'string'}, {'name': 'points_home', 'type': 'integer'}, {'name': 'points_away', 'type': 'integer'}, {'name': 'away', 'type': 'string'}, {'name': 'id_away', 'type': 'string'}], 'primaryKey': ['index']}}&#10;  &#10;  Got:&#10;  {'schema': {'fields': [{'name': 'index', 'type': 'integer'}, {'name': 'id', 'type': 'integer'}, {'name': 'gameday', 'type': 'integer'}, {'name': 'scheduled', 'type': 'string'}, {'name': 'field', 'type': 'integer'}, {'name': 'officials', 'type': 'integer'}, {'name': 'status', 'type': 'string'}, {'name': 'gameStarted', 'type': 'string'}, {'name': 'gameHalftime', 'type': 'string'}, {'name': 'gameFinished', 'type': 'string'}, {'name': 'stage', 'type': 'string'}, {'name': 'standing', 'type': 'string'}, {'name': 'league_group', 'type': 'string'}, {'name': 'in_possession', 'type': 'string'}, {'name': 'officials__name', 'type': 'string'}, {'name': 'gameinfo', 'type': 'integer'}, {'name': 'id_home', 'type': 'string'}, {'name': 'home', 'type': 'string'}, {'name': 'points_home', 'type': 'integer'}, {'name': 'points_away', 'type': 'integer'}, {'name': 'away', 'type': 'string'}, {'name': 'id_away', 'type': 'string'}], 'primaryKey': ['index']}, 'data': [{'index': 0, 'id': 1, 'gameday': 1, 'scheduled': '10:00:00', 'field': 1, 'officials': 9, 'status': 'beendet', 'gameStarted': None, 'gameHalftime': None, 'gameFinished': None, 'stage': 'Vorrunde', 'standing': 'Gruppe 1', 'league_group': None, 'in_possession': None, 'officials__name': 'C1', 'gameinfo': 1, 'id_home': '1', 'home': 'A1', 'points_home': 2, 'points_away': 4, 'away': 'A2', 'id_away': '2'}, {'index': 9, 'id': 10, 'gameday': 1, 'scheduled': '10:00:00', 'field': 2, 'officials': 10, 'status': 'beendet', 'gameStarted': None, 'gameHalftime': None, 'gameFinished': None, 'stage': 'Vorrunde', 'standing': 'Gruppe 2', 'league_group': None, 'in_possession': None, 'officials__name': 'C2', 'gameinfo': 10, 'id_home': '19', 'home': 'B1', 'points_home': 10, 'points_away': 12, 'away': 'B2', 'id_away': '20'}, {'index': 17, 'id': 18, 'gameday': 1, 'scheduled': '10:00:00', 'field': 3, 'officials': 11, 'status': 'beendet', 'gameStarted': None, 'gameHalftime': None, 'gameFinished': None, 'stage': 'Vorrunde', 'standing': 'Gruppe 2', 'league_group': None, 'in_possession': None, 'officials__name': 'C3', 'gameinfo': 18, 'id_home': '35', 'home': 'B4', 'points_home': 16, 'points_away': 14, 'away': 'B3', 'id_away': '36'}, {'index': 1, 'id': 2, 'gameday': 1, 'scheduled': '11:10:00', 'field': 1, 'officials': 5, 'status': 'beendet', 'gameStarted': None, 'gameHalftime': None, 'gameFinished': None, 'stage': 'Vorrunde', 'standing': 'Gruppe 1', 'league_group': None, 'in_possession': None, 'officials__name': 'B1', 'gameinfo': 2, 'id_home': '3', 'home': 'A3', 'points_home': 6, 'points_away': 2, 'away': 'A1', 'id_away': '4'}, {'index': 10, 'id': 11, 'gameday': 1, 'scheduled': '11:10:00', 'field': 2, 'officials': 6, 'status': 'beendet', 'gameStarted': None, 'gameHalftime': None, 'gameFinished': None, 'stage': 'Vorrunde', 'standing': 'Gruppe 1', 'league_group': None, 'in_possession': None, 'officials__name': 'B2', 'gameinfo': 11, 'id_home': '21', 'home': 'A2', 'points_home': 4, 'points_away': 8, 'away': 'A4', 'id_away': '22'}, {'index': 18, 'id': 19, 'gameday': 1, 'scheduled': '11:10:00', 'field': 3, 'officials': 7, 'status': 'beendet', 'gameStarted': None, 'gameHalftime': None, 'gameFinished': None, 'stage': 'Vorrunde', 'standing': 'Gruppe 3', 'league_group': None, 'in_possession': None, 'officials__name': 'B3', 'gameinfo': 19, 'id_home': '37', 'home': 'C1', 'points_home': 18, 'points_away': 20, 'away': 'C2', 'id_away': '38'}, {'index': 2, 'id': 3, 'gameday': 1, 'scheduled': '12:20:00', 'field': 1, 'officials': 1, 'status': 'beendet', 'gameStarted': None, 'gameHalftime': None, 'gameFinished': None, 'stage': 'Vorrunde', 'standing': 'Gruppe 2', 'league_group': None, 'in_possession': None, 'officials__name': 'A1', 'gameinfo': 3, 'id_home': '5', 'home': 'B3', 'points_home': 14, 'points_away': 10, 'away': 'B1', 'id_away': '6'}, {'index': 11, 'id': 12, 'gameday': 1, 'scheduled': '12:20:00', 'field': 2, 'officials': 3, 'status': 'beendet', 'gameStarted': None, 'gameHalftime': None, 'gameFinished': None, 'stage': 'Vorrunde', 'standing': 'Gruppe 2', 'league_group': None, 'in_possession': None, 'officials__name': 'A3', 'gameinfo': 12, 'id_home': '23', 'home': 'B2', 'points_home': 12, 'points_away': 16, 'away': 'B4', 'id_away': '24'}, {'index': 19, 'id': 20, 'gameday': 1, 'scheduled': '12:20:00', 'field': 3, 'officials': 4, 'status': 'beendet', 'gameStarted': None, 'gameHalftime': None, 'gameFinished': None, 'stage': 'Vorrunde', 'standing': 'Gruppe 3', 'league_group': None, 'in_possession': None, 'officials__name': 'A4', 'gameinfo': 20, 'id_home': '39', 'home': 'C2', 'points_home': 20, 'points_away': 22, 'away': 'C3', 'id_away': '40'}, {'index': 3, 'id': 4, 'gameday': 1, 'scheduled': '13:30:00', 'field': 1, 'officials': 9, 'status': 'beendet', 'gameStarted': None, 'gameHalftime': None, 'gameFinished': None, 'stage': 'Vorrunde', 'standing': 'Gruppe 1', 'league_group': None, 'in_possession': None, 'officials__name': 'C1', 'gameinfo': 4, 'id_home': '7', 'home': 'A4', 'points_home': 8, 'points_away': 6, 'away': 'A3', 'id_away': '8'}, {'index': 12, 'id': 13, 'gameday': 1, 'scheduled': '13:30:00', 'field': 2, 'officials': 1, 'status': 'beendet', 'gameStarted': None, 'gameHalftime': None, 'gameFinished': None, 'stage': 'Vorrunde', 'standing': 'Gruppe 2', 'league_group': None, 'in_possession': None, 'officials__name': 'A1', 'gameinfo': 13, 'id_home': '25', 'home': 'B4', 'points_home': 16, 'points_away': 10, 'away': 'B1', 'id_away': '26'}, {'index': 20, 'id': 21, 'gameday': 1, 'scheduled': '13:30:00', 'field': 3, 'officials': 2, 'status': 'beendet', 'gameStarted': None, 'gameHalftime': None, 'gameFinished': None, 'stage': 'Vorrunde', 'standing': 'Gruppe 2', 'league_group': None, 'in_possession': None, 'officials__name': 'A2', 'gameinfo': 21, 'id_home': '41', 'home': 'B3', 'points_home': 14, 'points_away': 12, 'away': 'B2', 'id_away': '42'}, {'index': 4, 'id': 5, 'gameday': 1, 'scheduled': '14:40:00', 'field': 1, 'officials': 10, 'status': 'beendet', 'gameStarted': None, 'gameHalftime': None, 'gameFinished': None, 'stage': 'Vorrunde', 'standing': 'Gruppe 1', 'league_group': None, 'in_possession': None, 'officials__name': 'C2', 'gameinfo': 5, 'id_home': '9', 'home': 'A4', 'points_home': 8, 'points_away': 2, 'away': 'A1', 'id_away': '10'}, {'index': 13, 'id': 14, 'gameday': 1, 'scheduled': '14:40:00', 'field': 2, 'officials': 5, 'status': 'beendet', 'gameStarted': None, 'gameHalftime': None, 'gameFinished': None, 'stage': 'Vorrunde', 'standing': 'Gruppe 1', 'league_group': None, 'in_possession': None, 'officials__name': 'B1', 'gameinfo': 14, 'id_home': '27', 'home': 'A3', 'points_home': 6, 'points_away': 4, 'away': 'A2', 'id_away': '28'}, {'index': 21, 'id': 22, 'gameday': 1, 'scheduled': '14:40:00', 'field': 3, 'officials': 8, 'status': 'beendet', 'gameStarted': None, 'gameHalftime': None, 'gameFinished': None, 'stage': 'Vorrunde', 'standing': 'Gruppe 3', 'league_group': None, 'in_possession': None, 'officials__name': 'B4', 'gameinfo': 22, 'id_home': '43', 'home': 'C3', 'points_home': 22, 'points_away': 18, 'away': 'C1', 'id_away': '44'}, {'index': 5, 'id': 6, 'gameday': 1, 'scheduled': '15:50:00', 'field': 1, 'officials': 1, 'status': 'beendet', 'gameStarted': None, 'gameHalftime': None, 'gameFinished': None, 'stage': 'Finalrunde', 'standing': 'PO', 'league_group': None, 'in_possession': None, 'officials__name': 'A1', 'gameinfo': 6, 'id_home': '11', 'home': 'A3', 'points_home': 6, 'points_away': 22, 'away': 'C3', 'id_away': '12'}, {'index': 14, 'id': 15, 'gameday': 1, 'scheduled': '15:50:00', 'field': 2, 'officials': 9, 'status': 'beendet', 'gameStarted': None, 'gameHalftime': None, 'gameFinished': None, 'stage': 'Finalrunde', 'standing': 'PO', 'league_group': None, 'in_possession': None, 'officials__name': 'C1', 'gameinfo': 15, 'id_home': '29', 'home': 'C2', 'points_home': 20, 'points_away': 14, 'away': 'B3', 'id_away': '30'}, {'index': 22, 'id': 23, 'gameday': 1, 'scheduled': '15:50:00', 'field': 3, 'officials': 5, 'status': 'beendet', 'gameStarted': None, 'gameHalftime': None, 'gameFinished': None, 'stage': 'Finalrunde', 'standing': 'P7', 'league_group': None, 'in_possession': None, 'officials__name': 'B1', 'gameinfo': 23, 'id_home': '45', 'home': 'A2', 'points_home': 4, 'points_away': 12, 'away': 'B2', 'id_away': '46'}, {'index': 6, 'id': 7, 'gameday': 1, 'scheduled': '17:00:00', 'field': 1, 'officials': 2, 'status': 'beendet', 'gameStarted': None, 'gameHalftime': None, 'gameFinished': None, 'stage': 'Finalrunde', 'standing': 'HF', 'league_group': None, 'in_possession': None, 'officials__name': 'A2', 'gameinfo': 7, 'id_home': '13', 'home': 'C2', 'points_home': 20, 'points_away': 16, 'away': 'B4', 'id_away': '14'}, {'index': 15, 'id': 16, 'gameday': 1, 'scheduled': '17:00:00', 'field': 2, 'officials': 2, 'status': 'beendet', 'gameStarted': None, 'gameHalftime': None, 'gameFinished': None, 'stage': 'Finalrunde', 'standing': 'HF', 'league_group': None, 'in_possession': None, 'officials__name': 'A2', 'gameinfo': 16, 'id_home': '31', 'home': 'C3', 'points_home': 22, 'points_away': 8, 'away': 'A4', 'id_away': '32'}, {'index': 23, 'id': 24, 'gameday': 1, 'scheduled': '17:00:00', 'field': 3, 'officials': 3, 'status': 'beendet', 'gameStarted': None, 'gameHalftime': None, 'gameFinished': None, 'stage': 'Finalrunde', 'standing': 'P7', 'league_group': None, 'in_possession': None, 'officials__name': 'A3', 'gameinfo': 24, 'id_home': '47', 'home': 'B2', 'points_home': 12, 'points_away': 18, 'away': 'C1', 'id_away': '48'}, {'index': 7, 'id': 8, 'gameday': 1, 'scheduled': '18:10:00', 'field': 1, 'officials': 6, 'status': 'beendet', 'gameStarted': None, 'gameHalftime': None, 'gameFinished': None, 'stage': 'Finalrunde', 'standing': 'P3', 'league_group': None, 'in_possession': None, 'officials__name': 'B2', 'gameinfo': 8, 'id_home': '15', 'home': 'B4', 'points_home': 16, 'points_away': 8, 'away': 'A4', 'id_away': '16'}, {'index': 16, 'id': 17, 'gameday': 1, 'scheduled': '18:10:00', 'field': 2, 'officials': 5, 'status': 'beendet', 'gameStarted': None, 'gameHalftime': None, 'gameFinished': None, 'stage': 'Finalrunde', 'standing': 'P5', 'league_group': None, 'in_possession': None, 'officials__name': 'B1', 'gameinfo': 17, 'id_home': '33', 'home': 'A3', 'points_home': 6, 'points_away': 14, 'away': 'B3', 'id_away': '34'}, {'index': 24, 'id': 25, 'gameday': 1, 'scheduled': '18:10:00', 'field': 3, 'officials': 1, 'status': 'beendet', 'gameStarted': None, 'gameHalftime': None, 'gameFinished': None, 'stage': 'Finalrunde', 'standing': 'P7', 'league_group': None, 'in_possession': None, 'officials__name': 'A1', 'gameinfo': 25, 'id_home': '49', 'home': 'C1', 'points_home': 18, 'points_away': 4, 'away': 'A2', 'id_away': '50'}, {'index': 8, 'id': 9, 'gameday': 1, 'scheduled': '19:20:00', 'field': 1, 'officials': 8, 'status': 'beendet', 'gameStarted': None, 'gameHalftime': None, 'gameFinished': None, 'stage': 'Finalrunde', 'standing': 'P1', 'league_group': None, 'in_possession': None, 'officials__name': 'B4', 'gameinfo': 9, 'id_home': '17', 'home': 'C3', 'points_home': 22, 'points_away': 20, 'away': 'C2', 'id_away': '18'}, {'index': 25, 'id': 26, 'gameday': 1, 'scheduled': '19:20:00', 'field': 3, 'officials': 7, 'status': 'beendet', 'gameStarted': None, 'gameHalftime': None, 'gameFinished': None, 'stage': 'Finalrunde', 'standing': 'P10', 'league_group': None, 'in_possession': None, 'officials__name': 'B3', 'gameinfo': 26, 'id_home': '51', 'home': 'A1', 'points_home': 2, 'points_away': 10, 'away': 'B1', 'id_away': '52'}]}&#10;assert {'data': [{'a...': ['index']}} == {'data': [{'a...': ['index']}}&#10;  &#10;  Differing items:&#10;  {'data': [{'away': 'A2', 'field': 1, 'gameFinished': None, 'gameHalftime': None, ...}, {'away': 'B2', 'field': 2, 'gam...': None, 'gameHalftime': None, ...}, {'away': 'C2', 'field': 3, 'gameFinished': None, 'gameHalftime': None, ...}, ...]} != {'data': [{'away': 'A2', 'field': 1, 'final_score': None, 'gameFinished': None, ...}, {'away': 'B2', 'field': 2, 'fina...e': None, 'gameFinished': None, ...}, {'away': 'C2', 'field': 3, 'final_score': None, 'gameFinished': None, ...}, ...]}&#10;  {'schema': {'fields': [{'name': 'index', 'type': 'integer'}, {'name': 'id', ...&#10;  &#10;  ...Full output truncated (816 lines hidden), use '-vv' to show">self = &lt;gamedays.tests.management.test_schedule_update.TestScheduleUpdate testMethod=test_update_11_teams_3_fields&gt;

    def test_update_11_teams_3_fields(self):
        gameday = DBSetup().create_empty_gameday()
        gameday.format = "11_3"
        gameday.save()
        group_A = DBSetup().create_teams("A", 4)
        group_B = DBSetup().create_teams("B", 4)
        group_C = DBSetup().create_teams("C", 3)
        groups = [
            GroupSchedule(name="Gruppe 1", league_group=None, teams=group_A),
            GroupSchedule(name="Gruppe 2", league_group=None, teams=group_B),
            GroupSchedule(name="Gruppe 3", league_group=None, teams=group_C),
        ]
        DBSetup().create_playoff_placeholder_teams()
        sc = ScheduleCreator(
            gameday=Gameday.objects.get(pk=gameday.pk),
            schedule=Schedule(gameday.format, groups),
        )
        sc.create()
    
        qualify_games = Gameinfo.objects.filter(stage="Vorrunde")
        for game in qualify_games:
            update_gameresults(game)
        Gameinfo.objects.filter(stage="Vorrunde").update(status="beendet")
    
        su = ScheduleUpdate(gameday.pk, gameday.format)
        su.update()
        check_if_first_standing("PO").is_updated_as_expected_with("A3", "C3", "A1")
        check_if_first_standing("P7").is_updated_as_expected_with("A2", "B2", "B1")
    
        update_gameresults_by_standing_and_finish_game_for("PO")
        update_gameresults_and_finish_first_game_for_P7()
        su.update()
        check_if_first_standing("HF").is_updated_as_expected_with("C2", "B4", "A2")
        check_if_first_standing("P7").is_updated_as_expected_with("B2", "C1", "A3")
        check_if_first_standing("P5").is_updated_as_expected_with(
            "A3", "B3", "Gewinner P10"
        )
        check_if_first_standing("P10").is_updated_as_expected_with("A1", "B1", "B3")
    
        update_gameresults_by_standing_and_finish_game_for("HF")
        update_gameresults_by_standing_and_finish_game_for("P10")
        update_gameresults_and_finish_first_game_for_P7()
        su.update()
        check_if_first_standing("P7").is_updated_as_expected_with("C1", "A2", "A1")
        check_if_first_standing("P5").is_updated_as_expected_with("A3", "B3", "B1")
        check_if_first_standing("P3").is_updated_as_expected_with("B4", "A4", "B2")
        check_if_first_standing("P1").is_updated_as_expected_with(
            "C3", "C2", "Gewinner P3"
        )
    
        update_gameresults_and_finish_first_game_for_P7()
        update_gameresults_by_standing_and_finish_game_for("P5")
        update_gameresults_by_standing_and_finish_game_for("P3")
        su.update()
        check_if_first_standing("P1").is_updated_as_expected_with("C3", "C2", "B4")
        update_gameresults_by_standing_and_finish_game_for("P1")
    
        gmw = GamedayModelWrapper(gameday.pk)
    
&gt;       DataFrameAssertion.expect(gmw.get_schedule()).to_equal_json(
            "schedule_11_teams_3_fields"
        )

gamedays/tests/management/test_schedule_update.py:250: 
_ _ _ _ _ _ _ _ _ _ _ _ _ _ _ _ _ _ _ _ _ _ _ _ _ _ _ _ _ _ _ _ _ _ _ _ _ _ _ _ 

self = &lt;gamedays.tests.setup_factories.dataframe_setup.DataFrameWrapper object at 0x72d6f16ec640&gt;
filename = 'schedule_11_teams_3_fields'

    def to_equal_json(self, filename):
        actual = JsonHelper.loads(self.dataframe.to_json(orient="table"))
        expected = JsonHelper.read_file(filename)
    
        # Normalize schema "type" mismatches (Pandas 1.x vs 2.x vs 3.x)
        def normalize_schema(data):
            if "schema" in data:
                # Remove version-specific field
                data["schema"].pop("pandas_version", None)
                for field in data.get("schema", {}).get("fields", []):
                    # Normalize 'any' to 'string'
                    if field.get("type") == "any":
                        field["type"] = "string"
                    # Remove 'extDtype' as it varies across versions
                    field.pop("extDtype", None)
            return data
    
        actual = normalize_schema(actual)
        expected = normalize_schema(expected)
    
&gt;       assert actual == expected, f"\nExpected:\n{expected}\n\nGot:\n{actual}"
E       AssertionError: 
E         Expected:
E         {'data': [{'away': 'A2', 'field': 1, 'gameFinished': None, 'gameHalftime': None, 'gameStarted': None, 'gameday': 1, 'gameinfo': 1, 'home': 'A1', 'id': 1, 'id_away': '2', 'id_home': '1', 'in_possession': None, 'halftime_score': None, 'final_score': None, 'is_locked': False, 'index': 0, 'league_group': None, 'officials': 9, 'officials__name': 'C1', 'points_away': 4, 'points_home': 2, 'scheduled': '10:00:00', 'stage': 'Vorrunde', 'standing': 'Gruppe 1', 'status': 'beendet'}, {'away': 'B2', 'field': 2, 'gameFinished': None, 'gameHalftime': None, 'gameStarted': None, 'gameday': 1, 'gameinfo': 10, 'home': 'B1', 'id': 10, 'id_away': '20', 'id_home': '19', 'in_possession': None, 'halftime_score': None, 'final_score': None, 'is_locked': False, 'index': 9, 'league_group': None, 'officials': 10, 'officials__name': 'C2', 'points_away': 12, 'points_home': 10, 'scheduled': '10:00:00', 'stage': 'Vorrunde', 'standing': 'Gruppe 2', 'status': 'beendet'}, {'away': 'B3', 'field': 3, 'gameFinished': None, 'gameHalftime': None, 'gameStarted': None, 'gameday': 1, 'gameinfo': 18, 'home': 'B4', 'id': 18, 'id_away': '36', 'id_home': '35', 'in_possession': None, 'halftime_score': None, 'final_score': None, 'is_locked': False, 'index': 17, 'league_group': None, 'officials': 11, 'officials__name': 'C3', 'points_away': 14, 'points_home': 16, 'scheduled': '10:00:00', 'stage': 'Vorrunde', 'standing': 'Gruppe 2', 'status': 'beendet'}, {'away': 'A1', 'field': 1, 'gameFinished': None, 'gameHalftime': None, 'gameStarted': None, 'gameday': 1, 'gameinfo': 2, 'home': 'A3', 'id': 2, 'id_away': '4', 'id_home': '3', 'in_possession': None, 'halftime_score': None, 'final_score': None, 'is_locked': False, 'index': 1, 'league_group': None, 'officials': 5, 'officials__name': 'B1', 'points_away': 2, 'points_home': 6, 'scheduled': '11:10:00', 'stage': 'Vorrunde', 'standing': 'Gruppe 1', 'status': 'beendet'}, {'away': 'A4', 'field': 2, 'gameFinished': None, 'gameHalftime': None, 'gameStarted': None, 'gameday': 1, 'gameinfo': 11, 'home': 'A2', 'id': 11, 'id_away': '22', 'id_home': '21', 'in_possession': None, 'halftime_score': None, 'final_score': None, 'is_locked': False, 'index': 10, 'league_group': None, 'officials': 6, 'officials__name': 'B2', 'points_away': 8, 'points_home': 4, 'scheduled': '11:10:00', 'stage': 'Vorrunde', 'standing': 'Gruppe 1', 'status': 'beendet'}, {'away': 'C2', 'field': 3, 'gameFinished': None, 'gameHalftime': None, 'gameStarted': None, 'gameday': 1, 'gameinfo': 19, 'home': 'C1', 'id': 19, 'id_away': '38', 'id_home': '37', 'in_possession': None, 'halftime_score': None, 'final_score': None, 'is_locked': False, 'index': 18, 'league_group': None, 'officials': 7, 'officials__name': 'B3', 'points_away': 20, 'points_home': 18, 'scheduled': '11:10:00', 'stage': 'Vorrunde', 'standing': 'Gruppe 3', 'status': 'beendet'}, {'away': 'B1', 'field': 1, 'gameFinished': None, 'gameHalftime': None, 'gameStarted': None, 'gameday': 1, 'gameinfo': 3, 'home': 'B3', 'id': 3, 'id_away': '6', 'id_home': '5', 'in_possession': None, 'halftime_score': None, 'final_score': None, 'is_locked': False, 'index': 2, 'league_group': None, 'officials': 1, 'officials__name': 'A1', 'points_away': 10, 'points_home': 14, 'scheduled': '12:20:00', 'stage': 'Vorrunde', 'standing': 'Gruppe 2', 'status': 'beendet'}, {'away': 'B4', 'field': 2, 'gameFinished': None, 'gameHalftime': None, 'gameStarted': None, 'gameday': 1, 'gameinfo': 12, 'home': 'B2', 'id': 12, 'id_away': '24', 'id_home': '23', 'in_possession': None, 'halftime_score': None, 'final_score': None, 'is_locked': False, 'index': 11, 'league_group': None, 'officials': 3, 'officials__name': 'A3', 'points_away': 16, 'points_home': 12, 'scheduled': '12:20:00', 'stage': 'Vorrunde', 'standing': 'Gruppe 2', 'status': 'beendet'}, {'away': 'C3', 'field': 3, 'gameFinished': None, 'gameHalftime': None, 'gameStarted': None, 'gameday': 1, 'gameinfo': 20, 'home': 'C2', 'id': 20, 'id_away': '40', 'id_home': '39', 'in_possession': None, 'halftime_score': None, 'final_score': None, 'is_locked': False, 'index': 19, 'league_group': None, 'officials': 4, 'officials__name': 'A4', 'points_away': 22, 'points_home': 20, 'scheduled': '12:20:00', 'stage': 'Vorrunde', 'standing': 'Gruppe 3', 'status': 'beendet'}, {'away': 'A3', 'field': 1, 'gameFinished': None, 'gameHalftime': None, 'gameStarted': None, 'gameday': 1, 'gameinfo': 4, 'home': 'A4', 'id': 4, 'id_away': '8', 'id_home': '7', 'in_possession': None, 'halftime_score': None, 'final_score': None, 'is_locked': False, 'index': 3, 'league_group': None, 'officials': 9, 'officials__name': 'C1', 'points_away': 6, 'points_home': 8, 'scheduled': '13:30:00', 'stage': 'Vorrunde', 'standing': 'Gruppe 1', 'status': 'beendet'}, {'away': 'B1', 'field': 2, 'gameFinished': None, 'gameHalftime': None, 'gameStarted': None, 'gameday': 1, 'gameinfo': 13, 'home': 'B4', 'id': 13, 'id_away': '26', 'id_home': '25', 'in_possession': None, 'halftime_score': None, 'final_score': None, 'is_locked': False, 'index': 12, 'league_group': None, 'officials': 1, 'officials__name': 'A1', 'points_away': 10, 'points_home': 16, 'scheduled': '13:30:00', 'stage': 'Vorrunde', 'standing': 'Gruppe 2', 'status': 'beendet'}, {'away': 'B2', 'field': 3, 'gameFinished': None, 'gameHalftime': None, 'gameStarted': None, 'gameday': 1, 'gameinfo': 21, 'home': 'B3', 'id': 21, 'id_away': '42', 'id_home': '41', 'in_possession': None, 'halftime_score': None, 'final_score': None, 'is_locked': False, 'index': 20, 'league_group': None, 'officials': 2, 'officials__name': 'A2', 'points_away': 12, 'points_home': 14, 'scheduled': '13:30:00', 'stage': 'Vorrunde', 'standing': 'Gruppe 2', 'status': 'beendet'}, {'away': 'A1', 'field': 1, 'gameFinished': None, 'gameHalftime': None, 'gameStarted': None, 'gameday': 1, 'gameinfo': 5, 'home': 'A4', 'id': 5, 'id_away': '10', 'id_home': '9', 'in_possession': None, 'halftime_score': None, 'final_score': None, 'is_locked': False, 'index': 4, 'league_group': None, 'officials': 10, 'officials__name': 'C2', 'points_away': 2, 'points_home': 8, 'scheduled': '14:40:00', 'stage': 'Vorrunde', 'standing': 'Gruppe 1', 'status': 'beendet'}, {'away': 'A2', 'field': 2, 'gameFinished': None, 'gameHalftime': None, 'gameStarted': None, 'gameday': 1, 'gameinfo': 14, 'home': 'A3', 'id': 14, 'id_away': '28', 'id_home': '27', 'in_possession': None, 'halftime_score': None, 'final_score': None, 'is_locked': False, 'index': 13, 'league_group': None, 'officials': 5, 'officials__name': 'B1', 'points_away': 4, 'points_home': 6, 'scheduled': '14:40:00', 'stage': 'Vorrunde', 'standing': 'Gruppe 1', 'status': 'beendet'}, {'away': 'C1', 'field': 3, 'gameFinished': None, 'gameHalftime': None, 'gameStarted': None, 'gameday': 1, 'gameinfo': 22, 'home': 'C3', 'id': 22, 'id_away': '44', 'id_home': '43', 'in_possession': None, 'halftime_score': None, 'final_score': None, 'is_locked': False, 'index': 21, 'league_group': None, 'officials': 8, 'officials__name': 'B4', 'points_away': 18, 'points_home': 22, 'scheduled': '14:40:00', 'stage': 'Vorrunde', 'standing': 'Gruppe 3', 'status': 'beendet'}, {'away': 'C3', 'field': 1, 'gameFinished': None, 'gameHalftime': None, 'gameStarted': None, 'gameday': 1, 'gameinfo': 6, 'home': 'A3', 'id': 6, 'id_away': '12', 'id_home': '11', 'in_possession': None, 'halftime_score': None, 'final_score': None, 'is_locked': False, 'index': 5, 'league_group': None, 'officials': 1, 'officials__name': 'A1', 'points_away': 22, 'points_home': 6, 'scheduled': '15:50:00', 'stage': 'Finalrunde', 'standing': 'PO', 'status': 'beendet'}, {'away': 'B3', 'field': 2, 'gameFinished': None, 'gameHalftime': None, 'gameStarted': None, 'gameday': 1, 'gameinfo': 15, 'home': 'C2', 'id': 15, 'id_away': '30', 'id_home': '29', 'in_possession': None, 'halftime_score': None, 'final_score': None, 'is_locked': False, 'index': 14, 'league_group': None, 'officials': 9, 'officials__name': 'C1', 'points_away': 14, 'points_home': 20, 'scheduled': '15:50:00', 'stage': 'Finalrunde', 'standing': 'PO', 'status': 'beendet'}, {'away': 'B2', 'field': 3, 'gameFinished': None, 'gameHalftime': None, 'gameStarted': None, 'gameday': 1, 'gameinfo': 23, 'home': 'A2', 'id': 23, 'id_away': '46', 'id_home': '45', 'in_possession': None, 'halftime_score': None, 'final_score': None, 'is_locked': False, 'index': 22, 'league_group': None, 'officials': 5, 'officials__name': 'B1', 'points_away': 12, 'points_home': 4, 'scheduled': '15:50:00', 'stage': 'Finalrunde', 'standing': 'P7', 'status': 'beendet'}, {'away': 'B4', 'field': 1, 'gameFinished': None, 'gameHalftime': None, 'gameStarted': None, 'gameday': 1, 'gameinfo': 7, 'home': 'C2', 'id': 7, 'id_away': '14', 'id_home': '13', 'in_possession': None, 'halftime_score': None, 'final_score': None, 'is_locked': False, 'index': 6, 'league_group': None, 'officials': 2, 'officials__name': 'A2', 'points_away': 16, 'points_home': 20, 'scheduled': '17:00:00', 'stage': 'Finalrunde', 'standing': 'HF', 'status': 'beendet'}, {'away': 'A4', 'field': 2, 'gameFinished': None, 'gameHalftime': None, 'gameStarted': None, 'gameday': 1, 'gameinfo': 16, 'home': 'C3', 'id': 16, 'id_away': '32', 'id_home': '31', 'in_possession': None, 'halftime_score': None, 'final_score': None, 'is_locked': False, 'index': 15, 'league_group': None, 'officials': 2, 'officials__name': 'A2', 'points_away': 8, 'points_home': 22, 'scheduled': '17:00:00', 'stage': 'Finalrunde', 'standing': 'HF', 'status': 'beendet'}, {'away': 'C1', 'field': 3, 'gameFinished': None, 'gameHalftime': None, 'gameStarted': None, 'gameday': 1, 'gameinfo': 24, 'home': 'B2', 'id': 24, 'id_away': '48', 'id_home': '47', 'in_possession': None, 'halftime_score': None, 'final_score': None, 'is_locked': False, 'index': 23, 'league_group': None, 'officials': 3, 'officials__name': 'A3', 'points_away': 18, 'points_home': 12, 'scheduled': '17:00:00', 'stage': 'Finalrunde', 'standing': 'P7', 'status': 'beendet'}, {'away': 'A4', 'field': 1, 'gameFinished': None, 'gameHalftime': None, 'gameStarted': None, 'gameday': 1, 'gameinfo': 8, 'home': 'B4', 'id': 8, 'id_away': '16', 'id_home': '15', 'in_possession': None, 'halftime_score': None, 'final_score': None, 'is_locked': False, 'index': 7, 'league_group': None, 'officials': 6, 'officials__name': 'B2', 'points_away': 8, 'points_home': 16, 'scheduled': '18:10:00', 'stage': 'Finalrunde', 'standing': 'P3', 'status': 'beendet'}, {'away': 'B3', 'field': 2, 'gameFinished': None, 'gameHalftime': None, 'gameStarted': None, 'gameday': 1, 'gameinfo': 17, 'home': 'A3', 'id': 17, 'id_away': '34', 'id_home': '33', 'in_possession': None, 'halftime_score': None, 'final_score': None, 'is_locked': False, 'index': 16, 'league_group': None, 'officials': 5, 'officials__name': 'B1', 'points_away': 14, 'points_home': 6, 'scheduled': '18:10:00', 'stage': 'Finalrunde', 'standing': 'P5', 'status': 'beendet'}, {'away': 'A2', 'field': 3, 'gameFinished': None, 'gameHalftime': None, 'gameStarted': None, 'gameday': 1, 'gameinfo': 25, 'home': 'C1', 'id': 25, 'id_away': '50', 'id_home': '49', 'in_possession': None, 'halftime_score': None, 'final_score': None, 'is_locked': False, 'index': 24, 'league_group': None, 'officials': 1, 'officials__name': 'A1', 'points_away': 4, 'points_home': 18, 'scheduled': '18:10:00', 'stage': 'Finalrunde', 'standing': 'P7', 'status': 'beendet'}, {'away': 'C2', 'field': 1, 'gameFinished': None, 'gameHalftime': None, 'gameStarted': None, 'gameday': 1, 'gameinfo': 9, 'home': 'C3', 'id': 9, 'id_away': '18', 'id_home': '17', 'in_possession': None, 'halftime_score': None, 'final_score': None, 'is_locked': False, 'index': 8, 'league_group': None, 'officials': 8, 'officials__name': 'B4', 'points_away': 20, 'points_home': 22, 'scheduled': '19:20:00', 'stage': 'Finalrunde', 'standing': 'P1', 'status': 'beendet'}, {'away': 'B1', 'field': 3, 'gameFinished': None, 'gameHalftime': None, 'gameStarted': None, 'gameday': 1, 'gameinfo': 26, 'home': 'A1', 'id': 26, 'id_away': '52', 'id_home': '51', 'in_possession': None, 'halftime_score': None, 'final_score': None, 'is_locked': False, 'index': 25, 'league_group': None, 'officials': 7, 'officials__name': 'B3', 'points_away': 10, 'points_home': 2, 'scheduled': '19:20:00', 'stage': 'Finalrunde', 'standing': 'P10', 'status': 'beendet'}], 'schema': {'fields': [{'name': 'index', 'type': 'integer'}, {'name': 'id', 'type': 'integer'}, {'name': 'gameday', 'type': 'integer'}, {'name': 'scheduled', 'type': 'string'}, {'name': 'field', 'type': 'integer'}, {'name': 'officials', 'type': 'integer'}, {'name': 'status', 'type': 'string'}, {'name': 'gameStarted', 'type': 'string'}, {'name': 'gameHalftime', 'type': 'string'}, {'name': 'gameFinished', 'type': 'string'}, {'name': 'stage', 'type': 'string'}, {'name': 'standing', 'type': 'string'}, {'name': 'league_group', 'type': 'string'}, {'name': 'in_possession', 'type': 'string'}, {'name': 'halftime_score', 'type': 'string'}, {'name': 'final_score', 'type': 'string'}, {'name': 'is_locked', 'type': 'boolean'}, {'name': 'officials__name', 'type': 'string'}, {'name': 'gameinfo', 'type': 'integer'}, {'name': 'id_home', 'type': 'string'}, {'name': 'home', 'type': 'string'}, {'name': 'points_home', 'type': 'integer'}, {'name': 'points_away', 'type': 'integer'}, {'name': 'away', 'type': 'string'}, {'name': 'id_away', 'type': 'string'}], 'primaryKey': ['index']}}
E         
E         Got:
E         {'schema': {'fields': [{'name': 'index', 'type': 'integer'}, {'name': 'id', 'type': 'integer'}, {'name': 'gameday', 'type': 'integer'}, {'name': 'scheduled', 'type': 'string'}, {'name': 'field', 'type': 'integer'}, {'name': 'officials', 'type': 'integer'}, {'name': 'status', 'type': 'string'}, {'name': 'gameStarted', 'type': 'string'}, {'name': 'gameHalftime', 'type': 'string'}, {'name': 'gameFinished', 'type': 'string'}, {'name': 'stage', 'type': 'string'}, {'name': 'standing', 'type': 'string'}, {'name': 'league_group', 'type': 'string'}, {'name': 'in_possession', 'type': 'string'}, {'name': 'officials__name', 'type': 'string'}, {'name': 'gameinfo', 'type': 'integer'}, {'name': 'id_home', 'type': 'string'}, {'name': 'home', 'type': 'string'}, {'name': 'points_home', 'type': 'integer'}, {'name': 'points_away', 'type': 'integer'}, {'name': 'away', 'type': 'string'}, {'name': 'id_away', 'type': 'string'}], 'primaryKey': ['index']}, 'data': [{'index': 0, 'id': 1, 'gameday': 1, 'scheduled': '10:00:00', 'field': 1, 'officials': 9, 'status': 'beendet', 'gameStarted': None, 'gameHalftime': None, 'gameFinished': None, 'stage': 'Vorrunde', 'standing': 'Gruppe 1', 'league_group': None, 'in_possession': None, 'officials__name': 'C1', 'gameinfo': 1, 'id_home': '1', 'home': 'A1', 'points_home': 2, 'points_away': 4, 'away': 'A2', 'id_away': '2'}, {'index': 9, 'id': 10, 'gameday': 1, 'scheduled': '10:00:00', 'field': 2, 'officials': 10, 'status': 'beendet', 'gameStarted': None, 'gameHalftime': None, 'gameFinished': None, 'stage': 'Vorrunde', 'standing': 'Gruppe 2', 'league_group': None, 'in_possession': None, 'officials__name': 'C2', 'gameinfo': 10, 'id_home': '19', 'home': 'B1', 'points_home': 10, 'points_away': 12, 'away': 'B2', 'id_away': '20'}, {'index': 17, 'id': 18, 'gameday': 1, 'scheduled': '10:00:00', 'field': 3, 'officials': 11, 'status': 'beendet', 'gameStarted': None, 'gameHalftime': None, 'gameFinished': None, 'stage': 'Vorrunde', 'standing': 'Gruppe 2', 'league_group': None, 'in_possession': None, 'officials__name': 'C3', 'gameinfo': 18, 'id_home': '35', 'home': 'B4', 'points_home': 16, 'points_away': 14, 'away': 'B3', 'id_away': '36'}, {'index': 1, 'id': 2, 'gameday': 1, 'scheduled': '11:10:00', 'field': 1, 'officials': 5, 'status': 'beendet', 'gameStarted': None, 'gameHalftime': None, 'gameFinished': None, 'stage': 'Vorrunde', 'standing': 'Gruppe 1', 'league_group': None, 'in_possession': None, 'officials__name': 'B1', 'gameinfo': 2, 'id_home': '3', 'home': 'A3', 'points_home': 6, 'points_away': 2, 'away': 'A1', 'id_away': '4'}, {'index': 10, 'id': 11, 'gameday': 1, 'scheduled': '11:10:00', 'field': 2, 'officials': 6, 'status': 'beendet', 'gameStarted': None, 'gameHalftime': None, 'gameFinished': None, 'stage': 'Vorrunde', 'standing': 'Gruppe 1', 'league_group': None, 'in_possession': None, 'officials__name': 'B2', 'gameinfo': 11, 'id_home': '21', 'home': 'A2', 'points_home': 4, 'points_away': 8, 'away': 'A4', 'id_away': '22'}, {'index': 18, 'id': 19, 'gameday': 1, 'scheduled': '11:10:00', 'field': 3, 'officials': 7, 'status': 'beendet', 'gameStarted': None, 'gameHalftime': None, 'gameFinished': None, 'stage': 'Vorrunde', 'standing': 'Gruppe 3', 'league_group': None, 'in_possession': None, 'officials__name': 'B3', 'gameinfo': 19, 'id_home': '37', 'home': 'C1', 'points_home': 18, 'points_away': 20, 'away': 'C2', 'id_away': '38'}, {'index': 2, 'id': 3, 'gameday': 1, 'scheduled': '12:20:00', 'field': 1, 'officials': 1, 'status': 'beendet', 'gameStarted': None, 'gameHalftime': None, 'gameFinished': None, 'stage': 'Vorrunde', 'standing': 'Gruppe 2', 'league_group': None, 'in_possession': None, 'officials__name': 'A1', 'gameinfo': 3, 'id_home': '5', 'home': 'B3', 'points_home': 14, 'points_away': 10, 'away': 'B1', 'id_away': '6'}, {'index': 11, 'id': 12, 'gameday': 1, 'scheduled': '12:20:00', 'field': 2, 'officials': 3, 'status': 'beendet', 'gameStarted': None, 'gameHalftime': None, 'gameFinished': None, 'stage': 'Vorrunde', 'standing': 'Gruppe 2', 'league_group': None, 'in_possession': None, 'officials__name': 'A3', 'gameinfo': 12, 'id_home': '23', 'home': 'B2', 'points_home': 12, 'points_away': 16, 'away': 'B4', 'id_away': '24'}, {'index': 19, 'id': 20, 'gameday': 1, 'scheduled': '12:20:00', 'field': 3, 'officials': 4, 'status': 'beendet', 'gameStarted': None, 'gameHalftime': None, 'gameFinished': None, 'stage': 'Vorrunde', 'standing': 'Gruppe 3', 'league_group': None, 'in_possession': None, 'officials__name': 'A4', 'gameinfo': 20, 'id_home': '39', 'home': 'C2', 'points_home': 20, 'points_away': 22, 'away': 'C3', 'id_away': '40'}, {'index': 3, 'id': 4, 'gameday': 1, 'scheduled': '13:30:00', 'field': 1, 'officials': 9, 'status': 'beendet', 'gameStarted': None, 'gameHalftime': None, 'gameFinished': None, 'stage': 'Vorrunde', 'standing': 'Gruppe 1', 'league_group': None, 'in_possession': None, 'officials__name': 'C1', 'gameinfo': 4, 'id_home': '7', 'home': 'A4', 'points_home': 8, 'points_away': 6, 'away': 'A3', 'id_away': '8'}, {'index': 12, 'id': 13, 'gameday': 1, 'scheduled': '13:30:00', 'field': 2, 'officials': 1, 'status': 'beendet', 'gameStarted': None, 'gameHalftime': None, 'gameFinished': None, 'stage': 'Vorrunde', 'standing': 'Gruppe 2', 'league_group': None, 'in_possession': None, 'officials__name': 'A1', 'gameinfo': 13, 'id_home': '25', 'home': 'B4', 'points_home': 16, 'points_away': 10, 'away': 'B1', 'id_away': '26'}, {'index': 20, 'id': 21, 'gameday': 1, 'scheduled': '13:30:00', 'field': 3, 'officials': 2, 'status': 'beendet', 'gameStarted': None, 'gameHalftime': None, 'gameFinished': None, 'stage': 'Vorrunde', 'standing': 'Gruppe 2', 'league_group': None, 'in_possession': None, 'officials__name': 'A2', 'gameinfo': 21, 'id_home': '41', 'home': 'B3', 'points_home': 14, 'points_away': 12, 'away': 'B2', 'id_away': '42'}, {'index': 4, 'id': 5, 'gameday': 1, 'scheduled': '14:40:00', 'field': 1, 'officials': 10, 'status': 'beendet', 'gameStarted': None, 'gameHalftime': None, 'gameFinished': None, 'stage': 'Vorrunde', 'standing': 'Gruppe 1', 'league_group': None, 'in_possession': None, 'officials__name': 'C2', 'gameinfo': 5, 'id_home': '9', 'home': 'A4', 'points_home': 8, 'points_away': 2, 'away': 'A1', 'id_away': '10'}, {'index': 13, 'id': 14, 'gameday': 1, 'scheduled': '14:40:00', 'field': 2, 'officials': 5, 'status': 'beendet', 'gameStarted': None, 'gameHalftime': None, 'gameFinished': None, 'stage': 'Vorrunde', 'standing': 'Gruppe 1', 'league_group': None, 'in_possession': None, 'officials__name': 'B1', 'gameinfo': 14, 'id_home': '27', 'home': 'A3', 'points_home': 6, 'points_away': 4, 'away': 'A2', 'id_away': '28'}, {'index': 21, 'id': 22, 'gameday': 1, 'scheduled': '14:40:00', 'field': 3, 'officials': 8, 'status': 'beendet', 'gameStarted': None, 'gameHalftime': None, 'gameFinished': None, 'stage': 'Vorrunde', 'standing': 'Gruppe 3', 'league_group': None, 'in_possession': None, 'officials__name': 'B4', 'gameinfo': 22, 'id_home': '43', 'home': 'C3', 'points_home': 22, 'points_away': 18, 'away': 'C1', 'id_away': '44'}, {'index': 5, 'id': 6, 'gameday': 1, 'scheduled': '15:50:00', 'field': 1, 'officials': 1, 'status': 'beendet', 'gameStarted': None, 'gameHalftime': None, 'gameFinished': None, 'stage': 'Finalrunde', 'standing': 'PO', 'league_group': None, 'in_possession': None, 'officials__name': 'A1', 'gameinfo': 6, 'id_home': '11', 'home': 'A3', 'points_home': 6, 'points_away': 22, 'away': 'C3', 'id_away': '12'}, {'index': 14, 'id': 15, 'gameday': 1, 'scheduled': '15:50:00', 'field': 2, 'officials': 9, 'status': 'beendet', 'gameStarted': None, 'gameHalftime': None, 'gameFinished': None, 'stage': 'Finalrunde', 'standing': 'PO', 'league_group': None, 'in_possession': None, 'officials__name': 'C1', 'gameinfo': 15, 'id_home': '29', 'home': 'C2', 'points_home': 20, 'points_away': 14, 'away': 'B3', 'id_away': '30'}, {'index': 22, 'id': 23, 'gameday': 1, 'scheduled': '15:50:00', 'field': 3, 'officials': 5, 'status': 'beendet', 'gameStarted': None, 'gameHalftime': None, 'gameFinished': None, 'stage': 'Finalrunde', 'standing': 'P7', 'league_group': None, 'in_possession': None, 'officials__name': 'B1', 'gameinfo': 23, 'id_home': '45', 'home': 'A2', 'points_home': 4, 'points_away': 12, 'away': 'B2', 'id_away': '46'}, {'index': 6, 'id': 7, 'gameday': 1, 'scheduled': '17:00:00', 'field': 1, 'officials': 2, 'status': 'beendet', 'gameStarted': None, 'gameHalftime': None, 'gameFinished': None, 'stage': 'Finalrunde', 'standing': 'HF', 'league_group': None, 'in_possession': None, 'officials__name': 'A2', 'gameinfo': 7, 'id_home': '13', 'home': 'C2', 'points_home': 20, 'points_away': 16, 'away': 'B4', 'id_away': '14'}, {'index': 15, 'id': 16, 'gameday': 1, 'scheduled': '17:00:00', 'field': 2, 'officials': 2, 'status': 'beendet', 'gameStarted': None, 'gameHalftime': None, 'gameFinished': None, 'stage': 'Finalrunde', 'standing': 'HF', 'league_group': None, 'in_possession': None, 'officials__name': 'A2', 'gameinfo': 16, 'id_home': '31', 'home': 'C3', 'points_home': 22, 'points_away': 8, 'away': 'A4', 'id_away': '32'}, {'index': 23, 'id': 24, 'gameday': 1, 'scheduled': '17:00:00', 'field': 3, 'officials': 3, 'status': 'beendet', 'gameStarted': None, 'gameHalftime': None, 'gameFinished': None, 'stage': 'Finalrunde', 'standing': 'P7', 'league_group': None, 'in_possession': None, 'officials__name': 'A3', 'gameinfo': 24, 'id_home': '47', 'home': 'B2', 'points_home': 12, 'points_away': 18, 'away': 'C1', 'id_away': '48'}, {'index': 7, 'id': 8, 'gameday': 1, 'scheduled': '18:10:00', 'field': 1, 'officials': 6, 'status': 'beendet', 'gameStarted': None, 'gameHalftime': None, 'gameFinished': None, 'stage': 'Finalrunde', 'standing': 'P3', 'league_group': None, 'in_possession': None, 'officials__name': 'B2', 'gameinfo': 8, 'id_home': '15', 'home': 'B4', 'points_home': 16, 'points_away': 8, 'away': 'A4', 'id_away': '16'}, {'index': 16, 'id': 17, 'gameday': 1, 'scheduled': '18:10:00', 'field': 2, 'officials': 5, 'status': 'beendet', 'gameStarted': None, 'gameHalftime': None, 'gameFinished': None, 'stage': 'Finalrunde', 'standing': 'P5', 'league_group': None, 'in_possession': None, 'officials__name': 'B1', 'gameinfo': 17, 'id_home': '33', 'home': 'A3', 'points_home': 6, 'points_away': 14, 'away': 'B3', 'id_away': '34'}, {'index': 24, 'id': 25, 'gameday': 1, 'scheduled': '18:10:00', 'field': 3, 'officials': 1, 'status': 'beendet', 'gameStarted': None, 'gameHalftime': None, 'gameFinished': None, 'stage': 'Finalrunde', 'standing': 'P7', 'league_group': None, 'in_possession': None, 'officials__name': 'A1', 'gameinfo': 25, 'id_home': '49', 'home': 'C1', 'points_home': 18, 'points_away': 4, 'away': 'A2', 'id_away': '50'}, {'index': 8, 'id': 9, 'gameday': 1, 'scheduled': '19:20:00', 'field': 1, 'officials': 8, 'status': 'beendet', 'gameStarted': None, 'gameHalftime': None, 'gameFinished': None, 'stage': 'Finalrunde', 'standing': 'P1', 'league_group': None, 'in_possession': None, 'officials__name': 'B4', 'gameinfo': 9, 'id_home': '17', 'home': 'C3', 'points_home': 22, 'points_away': 20, 'away': 'C2', 'id_away': '18'}, {'index': 25, 'id': 26, 'gameday': 1, 'scheduled': '19:20:00', 'field': 3, 'officials': 7, 'status': 'beendet', 'gameStarted': None, 'gameHalftime': None, 'gameFinished': None, 'stage': 'Finalrunde', 'standing': 'P10', 'league_group': None, 'in_possession': None, 'officials__name': 'B3', 'gameinfo': 26, 'id_home': '51', 'home': 'A1', 'points_home': 2, 'points_away': 10, 'away': 'B1', 'id_away': '52'}]}
E       assert {'data': [{'a...': ['index']}} == {'data': [{'a...': ['index']}}
E         
E         Differing items:
E         {'data': [{'away': 'A2', 'field': 1, 'gameFinished': None, 'gameHalftime': None, ...}, {'away': 'B2', 'field': 2, 'gam...': None, 'gameHalftime': None, ...}, {'away': 'C2', 'field': 3, 'gameFinished': None, 'gameHalftime': None, ...}, ...]} != {'data': [{'away': 'A2', 'field': 1, 'final_score': None, 'gameFinished': None, ...}, {'away': 'B2', 'field': 2, 'fina...e': None, 'gameFinished': None, ...}, {'away': 'C2', 'field': 3, 'final_score': None, 'gameFinished': None, ...}, ...]}
E         {'schema': {'fields': [{'name': 'index', 'type': 'integer'}, {'name': 'id', ...
E         
E         ...Full output truncated (816 lines hidden), use '-vv' to show

gamedays/tests/setup_factories/dataframe_setup.py:31: AssertionError</failure></testcase><testcase classname="gamedays.tests.management.test_schedule_update.TestScheduleUpdate" name="test_update_7_teams_2_fields" time="0.503" /><testcase classname="gamedays.tests.management.test_schedule_update.TestScheduleUpdate" name="test_update_9_teams_3_fields" time="1.103"><failure message="AssertionError: &#10;  Expected:&#10;  {'data': [{'away': 'A2', 'field': 1, 'gameFinished': None, 'gameHalftime': None, 'gameStarted': None, 'gameday': 1, 'gameinfo': 1, 'home': 'A1', 'id': 1, 'id_away': '2', 'id_home': '1', 'in_possession': None, 'halftime_score': None, 'final_score': None, 'is_locked': False, 'index': 0, 'league_group': None, 'officials': 9, 'officials__name': 'C3', 'points_away': 4, 'points_home': 2, 'scheduled': '10:00:00', 'stage': 'Vorrunde', 'standing': 'Gruppe 1', 'status': 'beendet'}, {'away': 'B2', 'field': 2, 'gameFinished': None, 'gameHalftime': None, 'gameStarted': None, 'gameday': 1, 'gameinfo': 8, 'home': 'B1', 'id': 8, 'id_away': '16', 'id_home': '15', 'in_possession': None, 'halftime_score': None, 'final_score': None, 'is_locked': False, 'index': 7, 'league_group': None, 'officials': 3, 'officials__name': 'A3', 'points_away': 10, 'points_home': 8, 'scheduled': '10:00:00', 'stage': 'Vorrunde', 'standing': 'Gruppe 2', 'status': 'beendet'}, {'away': 'C2', 'field': 3, 'gameFinished': None, 'gameHalftime': None, 'gameStarted': None, 'gameday': 1, 'gameinfo': 14, 'home': 'C1', 'id': 14, 'id_away': '28', 'id_home': '27', 'in_possession': None, 'halftime_score': None, 'final_score': None, 'is_locked': False, 'index': 13, 'league_group': None, 'officials': 6, 'officials__name': 'B3', 'points_away': 16, 'points_home': 14, 'scheduled': '10:00:00', 'stage': 'Vorrunde', 'standing': 'Gruppe 3', 'status': 'beendet'}, {'away': 'A3', 'field': 1, 'gameFinished': None, 'gameHalftime': None, 'gameStarted': None, 'gameday': 1, 'gameinfo': 2, 'home': 'A2', 'id': 2, 'id_away': '4', 'id_home': '3', 'in_possession': None, 'halftime_score': None, 'final_score': None, 'is_locked': False, 'index': 1, 'league_group': None, 'officials': 4, 'officials__name': 'B1', 'points_away': 6, 'points_home': 4, 'scheduled': '11:10:00', 'stage': 'Vorrunde', 'standing': 'Gruppe 1', 'status': 'beendet'}, {'away': 'B3', 'field': 2, 'gameFinished': None, 'gameHalftime': None, 'gameStarted': None, 'gameday': 1, 'gameinfo': 9, 'home': 'B2', 'id': 9, 'id_away': '18', 'id_home': '17', 'in_possession': None, 'halftime_score': None, 'final_score': None, 'is_locked': False, 'index': 8, 'league_group': None, 'officials': 7, 'officials__name': 'C1', 'points_away': 12, 'points_home': 10, 'scheduled': '11:10:00', 'stage': 'Vorrunde', 'standing': 'Gruppe 2', 'status': 'beendet'}, {'away': 'C3', 'field': 3, 'gameFinished': None, 'gameHalftime': None, 'gameStarted': None, 'gameday': 1, 'gameinfo': 15, 'home': 'C2', 'id': 15, 'id_away': '30', 'id_home': '29', 'in_possession': None, 'halftime_score': None, 'final_score': None, 'is_locked': False, 'index': 14, 'league_group': None, 'officials': 1, 'officials__name': 'A1', 'points_away': 18, 'points_home': 16, 'scheduled': '11:10:00', 'stage': 'Vorrunde', 'standing': 'Gruppe 3', 'status': 'beendet'}, {'away': 'A1', 'field': 1, 'gameFinished': None, 'gameHalftime': None, 'gameStarted': None, 'gameday': 1, 'gameinfo': 3, 'home': 'A3', 'id': 3, 'id_away': '6', 'id_home': '5', 'in_possession': None, 'halftime_score': None, 'final_score': None, 'is_locked': False, 'index': 2, 'league_group': None, 'officials': 8, 'officials__name': 'C2', 'points_away': 2, 'points_home': 6, 'scheduled': '12:20:00', 'stage': 'Vorrunde', 'standing': 'Gruppe 1', 'status': 'beendet'}, {'away': 'B1', 'field': 2, 'gameFinished': None, 'gameHalftime': None, 'gameStarted': None, 'gameday': 1, 'gameinfo': 10, 'home': 'B3', 'id': 10, 'id_away': '20', 'id_home': '19', 'in_possession': None, 'halftime_score': None, 'final_score': None, 'is_locked': False, 'index': 9, 'league_group': None, 'officials': 2, 'officials__name': 'A2', 'points_away': 8, 'points_home': 12, 'scheduled': '12:20:00', 'stage': 'Vorrunde', 'standing': 'Gruppe 2', 'status': 'beendet'}, {'away': 'C1', 'field': 3, 'gameFinished': None, 'gameHalftime': None, 'gameStarted': None, 'gameday': 1, 'gameinfo': 16, 'home': 'C3', 'id': 16, 'id_away': '32', 'id_home': '31', 'in_possession': None, 'halftime_score': None, 'final_score': None, 'is_locked': False, 'index': 15, 'league_group': None, 'officials': 5, 'officials__name': 'B2', 'points_away': 14, 'points_home': 18, 'scheduled': '12:20:00', 'stage': 'Vorrunde', 'standing': 'Gruppe 3', 'status': 'beendet'}, {'away': 'C2', 'field': 1, 'gameFinished': None, 'gameHalftime': None, 'gameStarted': None, 'gameday': 1, 'gameinfo': 4, 'home': 'B2', 'id': 4, 'id_away': '8', 'id_home': '7', 'in_possession': None, 'halftime_score': None, 'final_score': None, 'is_locked': False, 'index': 3, 'league_group': None, 'officials': 9, 'officials__name': 'C3', 'points_away': 16, 'points_home': 10, 'scheduled': '13:30:00', 'stage': 'Finalrunde', 'standing': 'PO', 'status': 'beendet'}, {'away': 'A3', 'field': 2, 'gameFinished': None, 'gameHalftime': None, 'gameStarted': None, 'gameday': 1, 'gameinfo': 11, 'home': 'A2', 'id': 11, 'id_away': '22', 'id_home': '21', 'in_possession': None, 'halftime_score': None, 'final_score': None, 'is_locked': False, 'index': 10, 'league_group': None, 'officials': 7, 'officials__name': 'C1', 'points_away': 6, 'points_home': 4, 'scheduled': '13:30:00', 'stage': 'Finalrunde', 'standing': 'PO', 'status': 'beendet'}, {'away': 'B1', 'field': 3, 'gameFinished': None, 'gameHalftime': None, 'gameStarted': None, 'gameday': 1, 'gameinfo': 17, 'home': 'A1', 'id': 17, 'id_away': '34', 'id_home': '33', 'in_possession': None, 'halftime_score': None, 'final_score': None, 'is_locked': False, 'index': 16, 'league_group': None, 'officials': 6, 'officials__name': 'B3', 'points_away': 8, 'points_home': 2, 'scheduled': '13:30:00', 'stage': 'Finalrunde', 'standing': 'P7', 'status': 'beendet'}, {'away': 'C3', 'field': 1, 'gameFinished': None, 'gameHalftime': None, 'gameStarted': None, 'gameday': 1, 'gameinfo': 5, 'home': 'C2', 'id': 5, 'id_away': '10', 'id_home': '9', 'in_possession': None, 'halftime_score': None, 'final_score': None, 'is_locked': False, 'index': 4, 'league_group': None, 'officials': 5, 'officials__name': 'B2', 'points_away': 18, 'points_home': 16, 'scheduled': '14:40:00', 'stage': 'Finalrunde', 'standing': 'HF', 'status': 'beendet'}, {'away': 'B3', 'field': 2, 'gameFinished': None, 'gameHalftime': None, 'gameStarted': None, 'gameday': 1, 'gameinfo': 12, 'home': 'A3', 'id': 12, 'id_away': '24', 'id_home': '23', 'in_possession': None, 'halftime_score': None, 'final_score': None, 'is_locked': False, 'index': 11, 'league_group': None, 'officials': 1, 'officials__name': 'A1', 'points_away': 12, 'points_home': 6, 'scheduled': '14:40:00', 'stage': 'Finalrunde', 'standing': 'HF', 'status': 'beendet'}, {'away': 'C1', 'field': 3, 'gameFinished': None, 'gameHalftime': None, 'gameStarted': None, 'gameday': 1, 'gameinfo': 18, 'home': 'B1', 'id': 18, 'id_away': '36', 'id_home': '35', 'in_possession': None, 'halftime_score': None, 'final_score': None, 'is_locked': False, 'index': 17, 'league_group': None, 'officials': 2, 'officials__name': 'A2', 'points_away': 14, 'points_home': 8, 'scheduled': '14:40:00', 'stage': 'Finalrunde', 'standing': 'P7', 'status': 'beendet'}, {'away': 'B2', 'field': 1, 'gameFinished': None, 'gameHalftime': None, 'gameStarted': None, 'gameday': 1, 'gameinfo': 6, 'home': 'A2', 'id': 6, 'id_away': '12', 'id_home': '11', 'in_possession': None, 'halftime_score': None, 'final_score': None, 'is_locked': False, 'index': 5, 'league_group': None, 'officials': 4, 'officials__name': 'B1', 'points_away': 10, 'points_home': 4, 'scheduled': '15:50:00', 'stage': 'Finalrunde', 'standing': 'P5', 'status': 'beendet'}, {'away': 'A1', 'field': 3, 'gameFinished': None, 'gameHalftime': None, 'gameStarted': None, 'gameday': 1, 'gameinfo': 19, 'home': 'C1', 'id': 19, 'id_away': '38', 'id_home': '37', 'in_possession': None, 'halftime_score': None, 'final_score': None, 'is_locked': False, 'index': 18, 'league_group': None, 'officials': 8, 'officials__name': 'C2', 'points_away': 2, 'points_home': 14, 'scheduled': '15:50:00', 'stage': 'Finalrunde', 'standing': 'P7', 'status': 'beendet'}, {'away': 'C3', 'field': 1, 'gameFinished': None, 'gameHalftime': None, 'gameStarted': None, 'gameday': 1, 'gameinfo': 7, 'home': 'B3', 'id': 7, 'id_away': '14', 'id_home': '13', 'in_possession': None, 'halftime_score': None, 'final_score': None, 'is_locked': False, 'index': 6, 'league_group': None, 'officials': 1, 'officials__name': 'A1', 'points_away': 18, 'points_home': 12, 'scheduled': '17:00:00', 'stage': 'Finalrunde', 'standing': 'P1', 'status': 'beendet'}, {'away': 'C2', 'field': 2, 'gameFinished': None, 'gameHalftime': None, 'gameStarted': None, 'gameday': 1, 'gameinfo': 13, 'home': 'A3', 'id': 13, 'id_away': '26', 'id_home': '25', 'in_possession': None, 'halftime_score': None, 'final_score': None, 'is_locked': False, 'index': 12, 'league_group': None, 'officials': 7, 'officials__name': 'C1', 'points_away': 16, 'points_home': 6, 'scheduled': '17:00:00', 'stage': 'Finalrunde', 'standing': 'P3', 'status': 'beendet'}], 'schema': {'fields': [{'name': 'index', 'type': 'integer'}, {'name': 'id', 'type': 'integer'}, {'name': 'gameday', 'type': 'integer'}, {'name': 'scheduled', 'type': 'string'}, {'name': 'field', 'type': 'integer'}, {'name': 'officials', 'type': 'integer'}, {'name': 'status', 'type': 'string'}, {'name': 'gameStarted', 'type': 'string'}, {'name': 'gameHalftime', 'type': 'string'}, {'name': 'gameFinished', 'type': 'string'}, {'name': 'stage', 'type': 'string'}, {'name': 'standing', 'type': 'string'}, {'name': 'league_group', 'type': 'string'}, {'name': 'in_possession', 'type': 'string'}, {'name': 'halftime_score', 'type': 'string'}, {'name': 'final_score', 'type': 'string'}, {'name': 'is_locked', 'type': 'boolean'}, {'name': 'officials__name', 'type': 'string'}, {'name': 'gameinfo', 'type': 'integer'}, {'name': 'id_home', 'type': 'string'}, {'name': 'home', 'type': 'string'}, {'name': 'points_home', 'type': 'integer'}, {'name': 'points_away', 'type': 'integer'}, {'name': 'away', 'type': 'string'}, {'name': 'id_away', 'type': 'string'}], 'primaryKey': ['index']}}&#10;  &#10;  Got:&#10;  {'schema': {'fields': [{'name': 'index', 'type': 'integer'}, {'name': 'id', 'type': 'integer'}, {'name': 'gameday', 'type': 'integer'}, {'name': 'scheduled', 'type': 'string'}, {'name': 'field', 'type': 'integer'}, {'name': 'officials', 'type': 'integer'}, {'name': 'status', 'type': 'string'}, {'name': 'gameStarted', 'type': 'string'}, {'name': 'gameHalftime', 'type': 'string'}, {'name': 'gameFinished', 'type': 'string'}, {'name': 'stage', 'type': 'string'}, {'name': 'standing', 'type': 'string'}, {'name': 'league_group', 'type': 'string'}, {'name': 'in_possession', 'type': 'string'}, {'name': 'officials__name', 'type': 'string'}, {'name': 'gameinfo', 'type': 'integer'}, {'name': 'id_home', 'type': 'string'}, {'name': 'home', 'type': 'string'}, {'name': 'points_home', 'type': 'integer'}, {'name': 'points_away', 'type': 'integer'}, {'name': 'away', 'type': 'string'}, {'name': 'id_away', 'type': 'string'}], 'primaryKey': ['index']}, 'data': [{'index': 0, 'id': 1, 'gameday': 1, 'scheduled': '10:00:00', 'field': 1, 'officials': 9, 'status': 'beendet', 'gameStarted': None, 'gameHalftime': None, 'gameFinished': None, 'stage': 'Vorrunde', 'standing': 'Gruppe 1', 'league_group': None, 'in_possession': None, 'officials__name': 'C3', 'gameinfo': 1, 'id_home': '1', 'home': 'A1', 'points_home': 2, 'points_away': 4, 'away': 'A2', 'id_away': '2'}, {'index': 7, 'id': 8, 'gameday': 1, 'scheduled': '10:00:00', 'field': 2, 'officials': 3, 'status': 'beendet', 'gameStarted': None, 'gameHalftime': None, 'gameFinished': None, 'stage': 'Vorrunde', 'standing': 'Gruppe 2', 'league_group': None, 'in_possession': None, 'officials__name': 'A3', 'gameinfo': 8, 'id_home': '15', 'home': 'B1', 'points_home': 8, 'points_away': 10, 'away': 'B2', 'id_away': '16'}, {'index': 13, 'id': 14, 'gameday': 1, 'scheduled': '10:00:00', 'field': 3, 'officials': 6, 'status': 'beendet', 'gameStarted': None, 'gameHalftime': None, 'gameFinished': None, 'stage': 'Vorrunde', 'standing': 'Gruppe 3', 'league_group': None, 'in_possession': None, 'officials__name': 'B3', 'gameinfo': 14, 'id_home': '27', 'home': 'C1', 'points_home': 14, 'points_away': 16, 'away': 'C2', 'id_away': '28'}, {'index': 1, 'id': 2, 'gameday': 1, 'scheduled': '11:10:00', 'field': 1, 'officials': 4, 'status': 'beendet', 'gameStarted': None, 'gameHalftime': None, 'gameFinished': None, 'stage': 'Vorrunde', 'standing': 'Gruppe 1', 'league_group': None, 'in_possession': None, 'officials__name': 'B1', 'gameinfo': 2, 'id_home': '3', 'home': 'A2', 'points_home': 4, 'points_away': 6, 'away': 'A3', 'id_away': '4'}, {'index': 8, 'id': 9, 'gameday': 1, 'scheduled': '11:10:00', 'field': 2, 'officials': 7, 'status': 'beendet', 'gameStarted': None, 'gameHalftime': None, 'gameFinished': None, 'stage': 'Vorrunde', 'standing': 'Gruppe 2', 'league_group': None, 'in_possession': None, 'officials__name': 'C1', 'gameinfo': 9, 'id_home': '17', 'home': 'B2', 'points_home': 10, 'points_away': 12, 'away': 'B3', 'id_away': '18'}, {'index': 14, 'id': 15, 'gameday': 1, 'scheduled': '11:10:00', 'field': 3, 'officials': 1, 'status': 'beendet', 'gameStarted': None, 'gameHalftime': None, 'gameFinished': None, 'stage': 'Vorrunde', 'standing': 'Gruppe 3', 'league_group': None, 'in_possession': None, 'officials__name': 'A1', 'gameinfo': 15, 'id_home': '29', 'home': 'C2', 'points_home': 16, 'points_away': 18, 'away': 'C3', 'id_away': '30'}, {'index': 2, 'id': 3, 'gameday': 1, 'scheduled': '12:20:00', 'field': 1, 'officials': 8, 'status': 'beendet', 'gameStarted': None, 'gameHalftime': None, 'gameFinished': None, 'stage': 'Vorrunde', 'standing': 'Gruppe 1', 'league_group': None, 'in_possession': None, 'officials__name': 'C2', 'gameinfo': 3, 'id_home': '5', 'home': 'A3', 'points_home': 6, 'points_away': 2, 'away': 'A1', 'id_away': '6'}, {'index': 9, 'id': 10, 'gameday': 1, 'scheduled': '12:20:00', 'field': 2, 'officials': 2, 'status': 'beendet', 'gameStarted': None, 'gameHalftime': None, 'gameFinished': None, 'stage': 'Vorrunde', 'standing': 'Gruppe 2', 'league_group': None, 'in_possession': None, 'officials__name': 'A2', 'gameinfo': 10, 'id_home': '19', 'home': 'B3', 'points_home': 12, 'points_away': 8, 'away': 'B1', 'id_away': '20'}, {'index': 15, 'id': 16, 'gameday': 1, 'scheduled': '12:20:00', 'field': 3, 'officials': 5, 'status': 'beendet', 'gameStarted': None, 'gameHalftime': None, 'gameFinished': None, 'stage': 'Vorrunde', 'standing': 'Gruppe 3', 'league_group': None, 'in_possession': None, 'officials__name': 'B2', 'gameinfo': 16, 'id_home': '31', 'home': 'C3', 'points_home': 18, 'points_away': 14, 'away': 'C1', 'id_away': '32'}, {'index': 3, 'id': 4, 'gameday': 1, 'scheduled': '13:30:00', 'field': 1, 'officials': 9, 'status': 'beendet', 'gameStarted': None, 'gameHalftime': None, 'gameFinished': None, 'stage': 'Finalrunde', 'standing': 'PO', 'league_group': None, 'in_possession': None, 'officials__name': 'C3', 'gameinfo': 4, 'id_home': '7', 'home': 'B2', 'points_home': 10, 'points_away': 16, 'away': 'C2', 'id_away': '8'}, {'index': 10, 'id': 11, 'gameday': 1, 'scheduled': '13:30:00', 'field': 2, 'officials': 7, 'status': 'beendet', 'gameStarted': None, 'gameHalftime': None, 'gameFinished': None, 'stage': 'Finalrunde', 'standing': 'PO', 'league_group': None, 'in_possession': None, 'officials__name': 'C1', 'gameinfo': 11, 'id_home': '21', 'home': 'A2', 'points_home': 4, 'points_away': 6, 'away': 'A3', 'id_away': '22'}, {'index': 16, 'id': 17, 'gameday': 1, 'scheduled': '13:30:00', 'field': 3, 'officials': 6, 'status': 'beendet', 'gameStarted': None, 'gameHalftime': None, 'gameFinished': None, 'stage': 'Finalrunde', 'standing': 'P7', 'league_group': None, 'in_possession': None, 'officials__name': 'B3', 'gameinfo': 17, 'id_home': '33', 'home': 'A1', 'points_home': 2, 'points_away': 8, 'away': 'B1', 'id_away': '34'}, {'index': 4, 'id': 5, 'gameday': 1, 'scheduled': '14:40:00', 'field': 1, 'officials': 5, 'status': 'beendet', 'gameStarted': None, 'gameHalftime': None, 'gameFinished': None, 'stage': 'Finalrunde', 'standing': 'HF', 'league_group': None, 'in_possession': None, 'officials__name': 'B2', 'gameinfo': 5, 'id_home': '9', 'home': 'C2', 'points_home': 16, 'points_away': 18, 'away': 'C3', 'id_away': '10'}, {'index': 11, 'id': 12, 'gameday': 1, 'scheduled': '14:40:00', 'field': 2, 'officials': 1, 'status': 'beendet', 'gameStarted': None, 'gameHalftime': None, 'gameFinished': None, 'stage': 'Finalrunde', 'standing': 'HF', 'league_group': None, 'in_possession': None, 'officials__name': 'A1', 'gameinfo': 12, 'id_home': '23', 'home': 'A3', 'points_home': 6, 'points_away': 12, 'away': 'B3', 'id_away': '24'}, {'index': 17, 'id': 18, 'gameday': 1, 'scheduled': '14:40:00', 'field': 3, 'officials': 2, 'status': 'beendet', 'gameStarted': None, 'gameHalftime': None, 'gameFinished': None, 'stage': 'Finalrunde', 'standing': 'P7', 'league_group': None, 'in_possession': None, 'officials__name': 'A2', 'gameinfo': 18, 'id_home': '35', 'home': 'B1', 'points_home': 8, 'points_away': 14, 'away': 'C1', 'id_away': '36'}, {'index': 5, 'id': 6, 'gameday': 1, 'scheduled': '15:50:00', 'field': 1, 'officials': 4, 'status': 'beendet', 'gameStarted': None, 'gameHalftime': None, 'gameFinished': None, 'stage': 'Finalrunde', 'standing': 'P5', 'league_group': None, 'in_possession': None, 'officials__name': 'B1', 'gameinfo': 6, 'id_home': '11', 'home': 'A2', 'points_home': 4, 'points_away': 10, 'away': 'B2', 'id_away': '12'}, {'index': 18, 'id': 19, 'gameday': 1, 'scheduled': '15:50:00', 'field': 3, 'officials': 8, 'status': 'beendet', 'gameStarted': None, 'gameHalftime': None, 'gameFinished': None, 'stage': 'Finalrunde', 'standing': 'P7', 'league_group': None, 'in_possession': None, 'officials__name': 'C2', 'gameinfo': 19, 'id_home': '37', 'home': 'C1', 'points_home': 14, 'points_away': 2, 'away': 'A1', 'id_away': '38'}, {'index': 6, 'id': 7, 'gameday': 1, 'scheduled': '17:00:00', 'field': 1, 'officials': 1, 'status': 'beendet', 'gameStarted': None, 'gameHalftime': None, 'gameFinished': None, 'stage': 'Finalrunde', 'standing': 'P1', 'league_group': None, 'in_possession': None, 'officials__name': 'A1', 'gameinfo': 7, 'id_home': '13', 'home': 'B3', 'points_home': 12, 'points_away': 18, 'away': 'C3', 'id_away': '14'}, {'index': 12, 'id': 13, 'gameday': 1, 'scheduled': '17:00:00', 'field': 2, 'officials': 7, 'status': 'beendet', 'gameStarted': None, 'gameHalftime': None, 'gameFinished': None, 'stage': 'Finalrunde', 'standing': 'P3', 'league_group': None, 'in_possession': None, 'officials__name': 'C1', 'gameinfo': 13, 'id_home': '25', 'home': 'A3', 'points_home': 6, 'points_away': 16, 'away': 'C2', 'id_away': '26'}]}&#10;assert {'data': [{'a...': ['index']}} == {'data': [{'a...': ['index']}}&#10;  &#10;  Differing items:&#10;  {'data': [{'away': 'A2', 'field': 1, 'gameFinished': None, 'gameHalftime': None, ...}, {'away': 'B2', 'field': 2, 'gam...': None, 'gameHalftime': None, ...}, {'away': 'C3', 'field': 3, 'gameFinished': None, 'gameHalftime': None, ...}, ...]} != {'data': [{'away': 'A2', 'field': 1, 'final_score': None, 'gameFinished': None, ...}, {'away': 'B2', 'field': 2, 'fina...e': None, 'gameFinished': None, ...}, {'away': 'C3', 'field': 3, 'final_score': None, 'gameFinished': None, ...}, ...]}&#10;  {'schema': {'fields': [{'name': 'index', 'type': 'integer'}, {'name': 'id', ...&#10;  &#10;  ...Full output truncated (627 lines hidden), use '-vv' to show">self = &lt;gamedays.tests.management.test_schedule_update.TestScheduleUpdate testMethod=test_update_9_teams_3_fields&gt;

    def test_update_9_teams_3_fields(self):
        gameday = DBSetup().create_empty_gameday()
        gameday.format = "9_3"
        gameday.save()
        group_A = DBSetup().create_teams("A", 3)
        group_B = DBSetup().create_teams("B", 3)
        group_C = DBSetup().create_teams("C", 3)
        groups = [
            GroupSchedule(name="Gruppe 1", league_group=None, teams=group_A),
            GroupSchedule(name="Gruppe 2", league_group=None, teams=group_B),
            GroupSchedule(name="Gruppe 3", league_group=None, teams=group_C),
        ]
        DBSetup().create_playoff_placeholder_teams()
        sc = ScheduleCreator(
            gameday=Gameday.objects.get(pk=gameday.pk),
            schedule=Schedule(gameday.format, groups),
        )
        sc.create()
    
        qualify_games = Gameinfo.objects.filter(stage="Vorrunde")
        for game in qualify_games:
            update_gameresults(game)
        Gameinfo.objects.filter(stage="Vorrunde").update(status="beendet")
    
        su = ScheduleUpdate(gameday.pk, gameday.format)
        su.update()
        check_if_first_standing("PO").is_updated_as_expected_with("B2", "C2", "C3")
        check_if_first_standing("P7").is_updated_as_expected_with("A1", "B1", "B3")
    
        update_gameresults_by_standing_and_finish_game_for("PO")
        update_gameresults_and_finish_first_game_for_P7()
        su.update()
        check_if_first_standing("HF").is_updated_as_expected_with("C2", "C3", "B2")
        check_if_first_standing("P7").is_updated_as_expected_with("B1", "C1", "A2")
        check_if_first_standing("P5").is_updated_as_expected_with("A2", "B2", "B1")
    
        update_gameresults_by_standing_and_finish_game_for("HF")
        update_gameresults_and_finish_first_game_for_P7()
        su.update()
        check_if_first_standing("P7").is_updated_as_expected_with("C1", "A1", "C2")
        check_if_first_standing("P1").is_updated_as_expected_with("B3", "C3", "A1")
        check_if_first_standing("P3").is_updated_as_expected_with("A3", "C2", "C1")
    
        update_gameresults_by_standing_and_finish_game_for("P5")
        update_gameresults_and_finish_first_game_for_P7()
        update_gameresults_by_standing_and_finish_game_for("P3")
        update_gameresults_by_standing_and_finish_game_for("P1")
    
        gmw = GamedayModelWrapper(gameday.pk)
        DataFrameAssertion.expect(gmw.get_final_table()).to_equal_json(
            "final_table_9_teams"
        )
&gt;       DataFrameAssertion.expect(gmw.get_schedule()).to_equal_json(
            "schedule_9_teams_3_fields"
        )

gamedays/tests/management/test_schedule_update.py:187: 
_ _ _ _ _ _ _ _ _ _ _ _ _ _ _ _ _ _ _ _ _ _ _ _ _ _ _ _ _ _ _ _ _ _ _ _ _ _ _ _ 

self = &lt;gamedays.tests.setup_factories.dataframe_setup.DataFrameWrapper object at 0x72d6f1c647c0&gt;
filename = 'schedule_9_teams_3_fields'

    def to_equal_json(self, filename):
        actual = JsonHelper.loads(self.dataframe.to_json(orient="table"))
        expected = JsonHelper.read_file(filename)
    
        # Normalize schema "type" mismatches (Pandas 1.x vs 2.x vs 3.x)
        def normalize_schema(data):
            if "schema" in data:
                # Remove version-specific field
                data["schema"].pop("pandas_version", None)
                for field in data.get("schema", {}).get("fields", []):
                    # Normalize 'any' to 'string'
                    if field.get("type") == "any":
                        field["type"] = "string"
                    # Remove 'extDtype' as it varies across versions
                    field.pop("extDtype", None)
            return data
    
        actual = normalize_schema(actual)
        expected = normalize_schema(expected)
    
&gt;       assert actual == expected, f"\nExpected:\n{expected}\n\nGot:\n{actual}"
E       AssertionError: 
E         Expected:
E         {'data': [{'away': 'A2', 'field': 1, 'gameFinished': None, 'gameHalftime': None, 'gameStarted': None, 'gameday': 1, 'gameinfo': 1, 'home': 'A1', 'id': 1, 'id_away': '2', 'id_home': '1', 'in_possession': None, 'halftime_score': None, 'final_score': None, 'is_locked': False, 'index': 0, 'league_group': None, 'officials': 9, 'officials__name': 'C3', 'points_away': 4, 'points_home': 2, 'scheduled': '10:00:00', 'stage': 'Vorrunde', 'standing': 'Gruppe 1', 'status': 'beendet'}, {'away': 'B2', 'field': 2, 'gameFinished': None, 'gameHalftime': None, 'gameStarted': None, 'gameday': 1, 'gameinfo': 8, 'home': 'B1', 'id': 8, 'id_away': '16', 'id_home': '15', 'in_possession': None, 'halftime_score': None, 'final_score': None, 'is_locked': False, 'index': 7, 'league_group': None, 'officials': 3, 'officials__name': 'A3', 'points_away': 10, 'points_home': 8, 'scheduled': '10:00:00', 'stage': 'Vorrunde', 'standing': 'Gruppe 2', 'status': 'beendet'}, {'away': 'C2', 'field': 3, 'gameFinished': None, 'gameHalftime': None, 'gameStarted': None, 'gameday': 1, 'gameinfo': 14, 'home': 'C1', 'id': 14, 'id_away': '28', 'id_home': '27', 'in_possession': None, 'halftime_score': None, 'final_score': None, 'is_locked': False, 'index': 13, 'league_group': None, 'officials': 6, 'officials__name': 'B3', 'points_away': 16, 'points_home': 14, 'scheduled': '10:00:00', 'stage': 'Vorrunde', 'standing': 'Gruppe 3', 'status': 'beendet'}, {'away': 'A3', 'field': 1, 'gameFinished': None, 'gameHalftime': None, 'gameStarted': None, 'gameday': 1, 'gameinfo': 2, 'home': 'A2', 'id': 2, 'id_away': '4', 'id_home': '3', 'in_possession': None, 'halftime_score': None, 'final_score': None, 'is_locked': False, 'index': 1, 'league_group': None, 'officials': 4, 'officials__name': 'B1', 'points_away': 6, 'points_home': 4, 'scheduled': '11:10:00', 'stage': 'Vorrunde', 'standing': 'Gruppe 1', 'status': 'beendet'}, {'away': 'B3', 'field': 2, 'gameFinished': None, 'gameHalftime': None, 'gameStarted': None, 'gameday': 1, 'gameinfo': 9, 'home': 'B2', 'id': 9, 'id_away': '18', 'id_home': '17', 'in_possession': None, 'halftime_score': None, 'final_score': None, 'is_locked': False, 'index': 8, 'league_group': None, 'officials': 7, 'officials__name': 'C1', 'points_away': 12, 'points_home': 10, 'scheduled': '11:10:00', 'stage': 'Vorrunde', 'standing': 'Gruppe 2', 'status': 'beendet'}, {'away': 'C3', 'field': 3, 'gameFinished': None, 'gameHalftime': None, 'gameStarted': None, 'gameday': 1, 'gameinfo': 15, 'home': 'C2', 'id': 15, 'id_away': '30', 'id_home': '29', 'in_possession': None, 'halftime_score': None, 'final_score': None, 'is_locked': False, 'index': 14, 'league_group': None, 'officials': 1, 'officials__name': 'A1', 'points_away': 18, 'points_home': 16, 'scheduled': '11:10:00', 'stage': 'Vorrunde', 'standing': 'Gruppe 3', 'status': 'beendet'}, {'away': 'A1', 'field': 1, 'gameFinished': None, 'gameHalftime': None, 'gameStarted': None, 'gameday': 1, 'gameinfo': 3, 'home': 'A3', 'id': 3, 'id_away': '6', 'id_home': '5', 'in_possession': None, 'halftime_score': None, 'final_score': None, 'is_locked': False, 'index': 2, 'league_group': None, 'officials': 8, 'officials__name': 'C2', 'points_away': 2, 'points_home': 6, 'scheduled': '12:20:00', 'stage': 'Vorrunde', 'standing': 'Gruppe 1', 'status': 'beendet'}, {'away': 'B1', 'field': 2, 'gameFinished': None, 'gameHalftime': None, 'gameStarted': None, 'gameday': 1, 'gameinfo': 10, 'home': 'B3', 'id': 10, 'id_away': '20', 'id_home': '19', 'in_possession': None, 'halftime_score': None, 'final_score': None, 'is_locked': False, 'index': 9, 'league_group': None, 'officials': 2, 'officials__name': 'A2', 'points_away': 8, 'points_home': 12, 'scheduled': '12:20:00', 'stage': 'Vorrunde', 'standing': 'Gruppe 2', 'status': 'beendet'}, {'away': 'C1', 'field': 3, 'gameFinished': None, 'gameHalftime': None, 'gameStarted': None, 'gameday': 1, 'gameinfo': 16, 'home': 'C3', 'id': 16, 'id_away': '32', 'id_home': '31', 'in_possession': None, 'halftime_score': None, 'final_score': None, 'is_locked': False, 'index': 15, 'league_group': None, 'officials': 5, 'officials__name': 'B2', 'points_away': 14, 'points_home': 18, 'scheduled': '12:20:00', 'stage': 'Vorrunde', 'standing': 'Gruppe 3', 'status': 'beendet'}, {'away': 'C2', 'field': 1, 'gameFinished': None, 'gameHalftime': None, 'gameStarted': None, 'gameday': 1, 'gameinfo': 4, 'home': 'B2', 'id': 4, 'id_away': '8', 'id_home': '7', 'in_possession': None, 'halftime_score': None, 'final_score': None, 'is_locked': False, 'index': 3, 'league_group': None, 'officials': 9, 'officials__name': 'C3', 'points_away': 16, 'points_home': 10, 'scheduled': '13:30:00', 'stage': 'Finalrunde', 'standing': 'PO', 'status': 'beendet'}, {'away': 'A3', 'field': 2, 'gameFinished': None, 'gameHalftime': None, 'gameStarted': None, 'gameday': 1, 'gameinfo': 11, 'home': 'A2', 'id': 11, 'id_away': '22', 'id_home': '21', 'in_possession': None, 'halftime_score': None, 'final_score': None, 'is_locked': False, 'index': 10, 'league_group': None, 'officials': 7, 'officials__name': 'C1', 'points_away': 6, 'points_home': 4, 'scheduled': '13:30:00', 'stage': 'Finalrunde', 'standing': 'PO', 'status': 'beendet'}, {'away': 'B1', 'field': 3, 'gameFinished': None, 'gameHalftime': None, 'gameStarted': None, 'gameday': 1, 'gameinfo': 17, 'home': 'A1', 'id': 17, 'id_away': '34', 'id_home': '33', 'in_possession': None, 'halftime_score': None, 'final_score': None, 'is_locked': False, 'index': 16, 'league_group': None, 'officials': 6, 'officials__name': 'B3', 'points_away': 8, 'points_home': 2, 'scheduled': '13:30:00', 'stage': 'Finalrunde', 'standing': 'P7', 'status': 'beendet'}, {'away': 'C3', 'field': 1, 'gameFinished': None, 'gameHalftime': None, 'gameStarted': None, 'gameday': 1, 'gameinfo': 5, 'home': 'C2', 'id': 5, 'id_away': '10', 'id_home': '9', 'in_possession': None, 'halftime_score': None, 'final_score': None, 'is_locked': False, 'index': 4, 'league_group': None, 'officials': 5, 'officials__name': 'B2', 'points_away': 18, 'points_home': 16, 'scheduled': '14:40:00', 'stage': 'Finalrunde', 'standing': 'HF', 'status': 'beendet'}, {'away': 'B3', 'field': 2, 'gameFinished': None, 'gameHalftime': None, 'gameStarted': None, 'gameday': 1, 'gameinfo': 12, 'home': 'A3', 'id': 12, 'id_away': '24', 'id_home': '23', 'in_possession': None, 'halftime_score': None, 'final_score': None, 'is_locked': False, 'index': 11, 'league_group': None, 'officials': 1, 'officials__name': 'A1', 'points_away': 12, 'points_home': 6, 'scheduled': '14:40:00', 'stage': 'Finalrunde', 'standing': 'HF', 'status': 'beendet'}, {'away': 'C1', 'field': 3, 'gameFinished': None, 'gameHalftime': None, 'gameStarted': None, 'gameday': 1, 'gameinfo': 18, 'home': 'B1', 'id': 18, 'id_away': '36', 'id_home': '35', 'in_possession': None, 'halftime_score': None, 'final_score': None, 'is_locked': False, 'index': 17, 'league_group': None, 'officials': 2, 'officials__name': 'A2', 'points_away': 14, 'points_home': 8, 'scheduled': '14:40:00', 'stage': 'Finalrunde', 'standing': 'P7', 'status': 'beendet'}, {'away': 'B2', 'field': 1, 'gameFinished': None, 'gameHalftime': None, 'gameStarted': None, 'gameday': 1, 'gameinfo': 6, 'home': 'A2', 'id': 6, 'id_away': '12', 'id_home': '11', 'in_possession': None, 'halftime_score': None, 'final_score': None, 'is_locked': False, 'index': 5, 'league_group': None, 'officials': 4, 'officials__name': 'B1', 'points_away': 10, 'points_home': 4, 'scheduled': '15:50:00', 'stage': 'Finalrunde', 'standing': 'P5', 'status': 'beendet'}, {'away': 'A1', 'field': 3, 'gameFinished': None, 'gameHalftime': None, 'gameStarted': None, 'gameday': 1, 'gameinfo': 19, 'home': 'C1', 'id': 19, 'id_away': '38', 'id_home': '37', 'in_possession': None, 'halftime_score': None, 'final_score': None, 'is_locked': False, 'index': 18, 'league_group': None, 'officials': 8, 'officials__name': 'C2', 'points_away': 2, 'points_home': 14, 'scheduled': '15:50:00', 'stage': 'Finalrunde', 'standing': 'P7', 'status': 'beendet'}, {'away': 'C3', 'field': 1, 'gameFinished': None, 'gameHalftime': None, 'gameStarted': None, 'gameday': 1, 'gameinfo': 7, 'home': 'B3', 'id': 7, 'id_away': '14', 'id_home': '13', 'in_possession': None, 'halftime_score': None, 'final_score': None, 'is_locked': False, 'index': 6, 'league_group': None, 'officials': 1, 'officials__name': 'A1', 'points_away': 18, 'points_home': 12, 'scheduled': '17:00:00', 'stage': 'Finalrunde', 'standing': 'P1', 'status': 'beendet'}, {'away': 'C2', 'field': 2, 'gameFinished': None, 'gameHalftime': None, 'gameStarted': None, 'gameday': 1, 'gameinfo': 13, 'home': 'A3', 'id': 13, 'id_away': '26', 'id_home': '25', 'in_possession': None, 'halftime_score': None, 'final_score': None, 'is_locked': False, 'index': 12, 'league_group': None, 'officials': 7, 'officials__name': 'C1', 'points_away': 16, 'points_home': 6, 'scheduled': '17:00:00', 'stage': 'Finalrunde', 'standing': 'P3', 'status': 'beendet'}], 'schema': {'fields': [{'name': 'index', 'type': 'integer'}, {'name': 'id', 'type': 'integer'}, {'name': 'gameday', 'type': 'integer'}, {'name': 'scheduled', 'type': 'string'}, {'name': 'field', 'type': 'integer'}, {'name': 'officials', 'type': 'integer'}, {'name': 'status', 'type': 'string'}, {'name': 'gameStarted', 'type': 'string'}, {'name': 'gameHalftime', 'type': 'string'}, {'name': 'gameFinished', 'type': 'string'}, {'name': 'stage', 'type': 'string'}, {'name': 'standing', 'type': 'string'}, {'name': 'league_group', 'type': 'string'}, {'name': 'in_possession', 'type': 'string'}, {'name': 'halftime_score', 'type': 'string'}, {'name': 'final_score', 'type': 'string'}, {'name': 'is_locked', 'type': 'boolean'}, {'name': 'officials__name', 'type': 'string'}, {'name': 'gameinfo', 'type': 'integer'}, {'name': 'id_home', 'type': 'string'}, {'name': 'home', 'type': 'string'}, {'name': 'points_home', 'type': 'integer'}, {'name': 'points_away', 'type': 'integer'}, {'name': 'away', 'type': 'string'}, {'name': 'id_away', 'type': 'string'}], 'primaryKey': ['index']}}
E         
E         Got:
E         {'schema': {'fields': [{'name': 'index', 'type': 'integer'}, {'name': 'id', 'type': 'integer'}, {'name': 'gameday', 'type': 'integer'}, {'name': 'scheduled', 'type': 'string'}, {'name': 'field', 'type': 'integer'}, {'name': 'officials', 'type': 'integer'}, {'name': 'status', 'type': 'string'}, {'name': 'gameStarted', 'type': 'string'}, {'name': 'gameHalftime', 'type': 'string'}, {'name': 'gameFinished', 'type': 'string'}, {'name': 'stage', 'type': 'string'}, {'name': 'standing', 'type': 'string'}, {'name': 'league_group', 'type': 'string'}, {'name': 'in_possession', 'type': 'string'}, {'name': 'officials__name', 'type': 'string'}, {'name': 'gameinfo', 'type': 'integer'}, {'name': 'id_home', 'type': 'string'}, {'name': 'home', 'type': 'string'}, {'name': 'points_home', 'type': 'integer'}, {'name': 'points_away', 'type': 'integer'}, {'name': 'away', 'type': 'string'}, {'name': 'id_away', 'type': 'string'}], 'primaryKey': ['index']}, 'data': [{'index': 0, 'id': 1, 'gameday': 1, 'scheduled': '10:00:00', 'field': 1, 'officials': 9, 'status': 'beendet', 'gameStarted': None, 'gameHalftime': None, 'gameFinished': None, 'stage': 'Vorrunde', 'standing': 'Gruppe 1', 'league_group': None, 'in_possession': None, 'officials__name': 'C3', 'gameinfo': 1, 'id_home': '1', 'home': 'A1', 'points_home': 2, 'points_away': 4, 'away': 'A2', 'id_away': '2'}, {'index': 7, 'id': 8, 'gameday': 1, 'scheduled': '10:00:00', 'field': 2, 'officials': 3, 'status': 'beendet', 'gameStarted': None, 'gameHalftime': None, 'gameFinished': None, 'stage': 'Vorrunde', 'standing': 'Gruppe 2', 'league_group': None, 'in_possession': None, 'officials__name': 'A3', 'gameinfo': 8, 'id_home': '15', 'home': 'B1', 'points_home': 8, 'points_away': 10, 'away': 'B2', 'id_away': '16'}, {'index': 13, 'id': 14, 'gameday': 1, 'scheduled': '10:00:00', 'field': 3, 'officials': 6, 'status': 'beendet', 'gameStarted': None, 'gameHalftime': None, 'gameFinished': None, 'stage': 'Vorrunde', 'standing': 'Gruppe 3', 'league_group': None, 'in_possession': None, 'officials__name': 'B3', 'gameinfo': 14, 'id_home': '27', 'home': 'C1', 'points_home': 14, 'points_away': 16, 'away': 'C2', 'id_away': '28'}, {'index': 1, 'id': 2, 'gameday': 1, 'scheduled': '11:10:00', 'field': 1, 'officials': 4, 'status': 'beendet', 'gameStarted': None, 'gameHalftime': None, 'gameFinished': None, 'stage': 'Vorrunde', 'standing': 'Gruppe 1', 'league_group': None, 'in_possession': None, 'officials__name': 'B1', 'gameinfo': 2, 'id_home': '3', 'home': 'A2', 'points_home': 4, 'points_away': 6, 'away': 'A3', 'id_away': '4'}, {'index': 8, 'id': 9, 'gameday': 1, 'scheduled': '11:10:00', 'field': 2, 'officials': 7, 'status': 'beendet', 'gameStarted': None, 'gameHalftime': None, 'gameFinished': None, 'stage': 'Vorrunde', 'standing': 'Gruppe 2', 'league_group': None, 'in_possession': None, 'officials__name': 'C1', 'gameinfo': 9, 'id_home': '17', 'home': 'B2', 'points_home': 10, 'points_away': 12, 'away': 'B3', 'id_away': '18'}, {'index': 14, 'id': 15, 'gameday': 1, 'scheduled': '11:10:00', 'field': 3, 'officials': 1, 'status': 'beendet', 'gameStarted': None, 'gameHalftime': None, 'gameFinished': None, 'stage': 'Vorrunde', 'standing': 'Gruppe 3', 'league_group': None, 'in_possession': None, 'officials__name': 'A1', 'gameinfo': 15, 'id_home': '29', 'home': 'C2', 'points_home': 16, 'points_away': 18, 'away': 'C3', 'id_away': '30'}, {'index': 2, 'id': 3, 'gameday': 1, 'scheduled': '12:20:00', 'field': 1, 'officials': 8, 'status': 'beendet', 'gameStarted': None, 'gameHalftime': None, 'gameFinished': None, 'stage': 'Vorrunde', 'standing': 'Gruppe 1', 'league_group': None, 'in_possession': None, 'officials__name': 'C2', 'gameinfo': 3, 'id_home': '5', 'home': 'A3', 'points_home': 6, 'points_away': 2, 'away': 'A1', 'id_away': '6'}, {'index': 9, 'id': 10, 'gameday': 1, 'scheduled': '12:20:00', 'field': 2, 'officials': 2, 'status': 'beendet', 'gameStarted': None, 'gameHalftime': None, 'gameFinished': None, 'stage': 'Vorrunde', 'standing': 'Gruppe 2', 'league_group': None, 'in_possession': None, 'officials__name': 'A2', 'gameinfo': 10, 'id_home': '19', 'home': 'B3', 'points_home': 12, 'points_away': 8, 'away': 'B1', 'id_away': '20'}, {'index': 15, 'id': 16, 'gameday': 1, 'scheduled': '12:20:00', 'field': 3, 'officials': 5, 'status': 'beendet', 'gameStarted': None, 'gameHalftime': None, 'gameFinished': None, 'stage': 'Vorrunde', 'standing': 'Gruppe 3', 'league_group': None, 'in_possession': None, 'officials__name': 'B2', 'gameinfo': 16, 'id_home': '31', 'home': 'C3', 'points_home': 18, 'points_away': 14, 'away': 'C1', 'id_away': '32'}, {'index': 3, 'id': 4, 'gameday': 1, 'scheduled': '13:30:00', 'field': 1, 'officials': 9, 'status': 'beendet', 'gameStarted': None, 'gameHalftime': None, 'gameFinished': None, 'stage': 'Finalrunde', 'standing': 'PO', 'league_group': None, 'in_possession': None, 'officials__name': 'C3', 'gameinfo': 4, 'id_home': '7', 'home': 'B2', 'points_home': 10, 'points_away': 16, 'away': 'C2', 'id_away': '8'}, {'index': 10, 'id': 11, 'gameday': 1, 'scheduled': '13:30:00', 'field': 2, 'officials': 7, 'status': 'beendet', 'gameStarted': None, 'gameHalftime': None, 'gameFinished': None, 'stage': 'Finalrunde', 'standing': 'PO', 'league_group': None, 'in_possession': None, 'officials__name': 'C1', 'gameinfo': 11, 'id_home': '21', 'home': 'A2', 'points_home': 4, 'points_away': 6, 'away': 'A3', 'id_away': '22'}, {'index': 16, 'id': 17, 'gameday': 1, 'scheduled': '13:30:00', 'field': 3, 'officials': 6, 'status': 'beendet', 'gameStarted': None, 'gameHalftime': None, 'gameFinished': None, 'stage': 'Finalrunde', 'standing': 'P7', 'league_group': None, 'in_possession': None, 'officials__name': 'B3', 'gameinfo': 17, 'id_home': '33', 'home': 'A1', 'points_home': 2, 'points_away': 8, 'away': 'B1', 'id_away': '34'}, {'index': 4, 'id': 5, 'gameday': 1, 'scheduled': '14:40:00', 'field': 1, 'officials': 5, 'status': 'beendet', 'gameStarted': None, 'gameHalftime': None, 'gameFinished': None, 'stage': 'Finalrunde', 'standing': 'HF', 'league_group': None, 'in_possession': None, 'officials__name': 'B2', 'gameinfo': 5, 'id_home': '9', 'home': 'C2', 'points_home': 16, 'points_away': 18, 'away': 'C3', 'id_away': '10'}, {'index': 11, 'id': 12, 'gameday': 1, 'scheduled': '14:40:00', 'field': 2, 'officials': 1, 'status': 'beendet', 'gameStarted': None, 'gameHalftime': None, 'gameFinished': None, 'stage': 'Finalrunde', 'standing': 'HF', 'league_group': None, 'in_possession': None, 'officials__name': 'A1', 'gameinfo': 12, 'id_home': '23', 'home': 'A3', 'points_home': 6, 'points_away': 12, 'away': 'B3', 'id_away': '24'}, {'index': 17, 'id': 18, 'gameday': 1, 'scheduled': '14:40:00', 'field': 3, 'officials': 2, 'status': 'beendet', 'gameStarted': None, 'gameHalftime': None, 'gameFinished': None, 'stage': 'Finalrunde', 'standing': 'P7', 'league_group': None, 'in_possession': None, 'officials__name': 'A2', 'gameinfo': 18, 'id_home': '35', 'home': 'B1', 'points_home': 8, 'points_away': 14, 'away': 'C1', 'id_away': '36'}, {'index': 5, 'id': 6, 'gameday': 1, 'scheduled': '15:50:00', 'field': 1, 'officials': 4, 'status': 'beendet', 'gameStarted': None, 'gameHalftime': None, 'gameFinished': None, 'stage': 'Finalrunde', 'standing': 'P5', 'league_group': None, 'in_possession': None, 'officials__name': 'B1', 'gameinfo': 6, 'id_home': '11', 'home': 'A2', 'points_home': 4, 'points_away': 10, 'away': 'B2', 'id_away': '12'}, {'index': 18, 'id': 19, 'gameday': 1, 'scheduled': '15:50:00', 'field': 3, 'officials': 8, 'status': 'beendet', 'gameStarted': None, 'gameHalftime': None, 'gameFinished': None, 'stage': 'Finalrunde', 'standing': 'P7', 'league_group': None, 'in_possession': None, 'officials__name': 'C2', 'gameinfo': 19, 'id_home': '37', 'home': 'C1', 'points_home': 14, 'points_away': 2, 'away': 'A1', 'id_away': '38'}, {'index': 6, 'id': 7, 'gameday': 1, 'scheduled': '17:00:00', 'field': 1, 'officials': 1, 'status': 'beendet', 'gameStarted': None, 'gameHalftime': None, 'gameFinished': None, 'stage': 'Finalrunde', 'standing': 'P1', 'league_group': None, 'in_possession': None, 'officials__name': 'A1', 'gameinfo': 7, 'id_home': '13', 'home': 'B3', 'points_home': 12, 'points_away': 18, 'away': 'C3', 'id_away': '14'}, {'index': 12, 'id': 13, 'gameday': 1, 'scheduled': '17:00:00', 'field': 2, 'officials': 7, 'status': 'beendet', 'gameStarted': None, 'gameHalftime': None, 'gameFinished': None, 'stage': 'Finalrunde', 'standing': 'P3', 'league_group': None, 'in_possession': None, 'officials__name': 'C1', 'gameinfo': 13, 'id_home': '25', 'home': 'A3', 'points_home': 6, 'points_away': 16, 'away': 'C2', 'id_away': '26'}]}
E       assert {'data': [{'a...': ['index']}} == {'data': [{'a...': ['index']}}
E         
E         Differing items:
E         {'data': [{'away': 'A2', 'field': 1, 'gameFinished': None, 'gameHalftime': None, ...}, {'away': 'B2', 'field': 2, 'gam...': None, 'gameHalftime': None, ...}, {'away': 'C3', 'field': 3, 'gameFinished': None, 'gameHalftime': None, ...}, ...]} != {'data': [{'away': 'A2', 'field': 1, 'final_score': None, 'gameFinished': None, ...}, {'away': 'B2', 'field': 2, 'fina...e': None, 'gameFinished': None, ...}, {'away': 'C3', 'field': 3, 'final_score': None, 'gameFinished': None, ...}, ...]}
E         {'schema': {'fields': [{'name': 'index', 'type': 'integer'}, {'name': 'id', ...
E         
E         ...Full output truncated (627 lines hidden), use '-vv' to show

gamedays/tests/setup_factories/dataframe_setup.py:31: AssertionError</failure></testcase><testcase classname="gamedays.tests.management.test_schedule_update.TestScheduleUpdate" name="test_update_less_than_5_teams_dont_throws_error" time="0.510" /><testcase classname="gamedays.tests.management.test_schedule_update.TestScheduleUpdate" name="test_update_qualify_not_finished" time="0.396" /><testcase classname="gamedays.tests.management.test_schedule_update.TestScheduleUpdate" name="test_update_semifinal_and_p5" time="0.481" /><testcase classname="gamedays.tests.management.test_schedule_update.TestScheduleUpdate" name="test_update_semifinal_is_not_overridden" time="0.426" /><testcase classname="gameday_designer.tests.test_time_service" name="test_add_minutes" time="0.001" /><testcase classname="gameday_designer.tests.test_time_service" name="test_calculate_game_times" time="0.001" /><testcase classname="gamedays.tests.management.test_schedule_manager.TestScheduleEntry" name="test_schedule_entry" time="0.001" /><testcase classname="gamedays.tests.management.test_schedule_manager.TestFieldSchedule" name="test_entries_correct_created" time="0.001" /><testcase classname="gamedays.tests.management.test_schedule_manager.TestSchedule" name="test_schedule_loaded_for_4_teams" time="0.001" /><testcase classname="gamedays.tests.management.test_schedule_manager.TestSchedule" name="test_schedule_loaded_for_5_teams_2_fields_dffl1" time="0.001" /><testcase classname="gamedays.tests.management.test_schedule_manager.TestSchedule" name="test_schedule_throws_exception_format_and_groups_dont_fit" time="0.001" /><testcase classname="gamedays.tests.management.test_schedule_update.TestUpdateGameEntry" name="test_get_methods" time="0.001" /><testcase classname="gamedays.tests.management.test_schedule_update.TestUpdateEntry" name="test_update_entry_get_methods" time="0.001" /><testcase classname="gamedays.tests.service.test_gameday_final_table.GamedayFinalTableTest" name="test_3_teams_clear_winner" time="0.001" /><testcase classname="gamedays.tests.service.test_gameday_form_service.TestGameinfoFormData" name="test_time_fields_can_be_none[game_started]" time="0.001" /><testcase classname="gamedays.tests.service.test_gameday_form_service.TestGameinfoFormData" name="test_time_fields_can_be_none[game_halftime]" time="0.001" /><testcase classname="gamedays.tests.service.test_gameday_form_service.TestGameinfoFormData" name="test_time_fields_can_be_none[game_finished]" time="0.001" /><testcase classname="gamedays.tests.service.test_gameday_form_service.TestGameinfoFormData" name="test_time_fields_can_be_none[fh_home]" time="0.001" /><testcase classname="gamedays.tests.service.test_gameday_form_service.TestGameinfoFormData" name="test_time_fields_can_be_none[sh_home]" time="0.001" /><testcase classname="gamedays.tests.service.test_gameday_form_service.TestGameinfoFormData" name="test_time_fields_can_be_none[fh_away]" time="0.001" /><testcase classname="gamedays.tests.service.test_gameday_form_service.TestGameinfoFormData" name="test_time_fields_can_be_none[sh_away]" time="0.001" /><testcase classname="gamedays.tests.service.test_gameday_form_service.TestGameinfoFormData" name="test_create_instance" time="0.001" /><testcase classname="gamedays.tests.service.test_gameday_service_coverage.TestGamedayServiceCoverage" name="test_empty_tables_to_json" time="0.001" /><testcase classname="gamedays.tests.service.test_gameday_service_coverage.TestGamedayServiceCoverage" name="test_gameday_game_service_format_helpers" time="0.001" /><testcase classname="gamedays.tests.test_forms" name="test_get_formset_creates_correct_number_of_forms" time="0.001" /><testcase classname="league_manager.tests.utils.test_decorators.TestGetUserRequestPermission" name="test_user_request_permission" time="0.002" /><testcase classname="league_manager.tests.utils.test_serializer_utils.TestObfuscator" name="test_obfuscator_obfuscate" time="0.001" /><testcase classname="league_manager.tests.utils.test_serializer_utils.TestObfuscator" name="test_obfuscator_only_one_argument" time="0.001" /><testcase classname="league_manager.tests.utils.test_serializer_utils.TestObfuscator" name="test_obfuscator_works_with_empty_values" time="0.001" /><testcase classname="league_manager.tests.utils.test_serializer_utils.TestObfuscatorSerializer" name="test_obfuscate_field_if_necessary_staff_true" time="0.001" /><testcase classname="league_manager.tests.utils.test_serializer_utils.TestObfuscatorSerializer" name="test_obfuscate_field_if_necessary_staff_false" time="0.001" /><testcase classname="league_manager.tests.utils.test_serializer_utils.TestObfuscateField" name="test_to_representation_staff_true" time="0.001" /><testcase classname="league_manager.tests.utils.test_serializer_utils.TestObfuscateField" name="test_to_representation_staff_false" time="0.001" /><testcase classname="liveticker.tests.api.test_serializers.TestTeamlogSerializer" name="test_default_works" time="0.001" /><testcase classname="liveticker.tests.api.test_serializers.TestTeamlogSerializer" name="test_team_is_none" time="0.001" /><testcase classname="liveticker.tests.api.test_serializers.TestTeamlogSerializer" name="test_get_text_for_pat" time="0.001" /><testcase classname="liveticker.tests.api.test_serializers.TestTeamlogSerializer" name="test_get_text_for_timeout" time="0.001" /><testcase classname="liveticker.tests.api.test_serializers.TestTeamlogSerializer" name="test_get_text_for_incomplete_pat" time="0.001" /><testcase classname="liveticker.tests.api.test_serializers.TestTeamlogSerializer" name="test_get_text_for_safety" time="0.001" /><testcase classname="liveticker.tests.api.test_serializers.TestTeamlogSerializer" name="test_get_text_for_turnover" time="0.001" /><testcase classname="liveticker.tests.api.test_serializers.TestTeamlogSerializer" name="test_is_home_or_way_in_possession" time="0.001" /><testcase classname="liveticker.tests.api.test_serializers.TestLivetickerSerializer" name="test_game_with_no_team_logs" time="0.002" /><testcase classname="liveticker.tests.api.test_serializers.TestLivetickerSerializer" name="test_game_with_game_started_time" time="0.001" /><testcase classname="officials.tests.api.test_serializer.TestGameOfficialAllInfoSerializer" name="test_names_are_obfuscated" time="0.002" /><testcase classname="officials.tests.api.test_serializer.TestGameOfficialAllInfoSerializer" name="test_names_are_unlinked" time="0.001" /><testcase classname="officials.tests.api.test_serializer.TestGameOfficialAllInfoSerializer" name="test_names_are_clear_for_staff" time="0.001" /><testcase classname="officials.tests.api.test_serializer.TestGameOfficialAllInfoSerializer" name="test_names_are_clear_for_same_team_name" time="0.001" /><testcase classname="officials.tests.api.test_serializer.TestGameOfficialAllInfoSerializer" name="test_game_official_is_serialized" time="0.001" /><testcase classname="officials.tests.service.moodle.test_moodle_api.TestMoodleApi" name="test_get_all_courses" time="0.000"><skipped type="pytest.skip" message="Moodle URL not configured">/home/cda/dev/leaguesphere/officials/tests/service/moodle/test_moodle_api.py:18: Moodle URL not configured</skipped></testcase><testcase classname="officials.tests.service.moodle.test_moodle_api.TestMoodleApi" name="test_get_all_participants_for_course" time="0.000"><skipped type="pytest.skip" message="Moodle URL not configured">/home/cda/dev/leaguesphere/officials/tests/service/moodle/test_moodle_api.py:29: Moodle URL not configured</skipped></testcase><testcase classname="officials.tests.service.moodle.test_moodle_api.TestMoodleApi" name="test_get_all_exams_for_course" time="0.000"><skipped type="pytest.skip" message="Moodle URL not configured">/home/cda/dev/leaguesphere/officials/tests/service/moodle/test_moodle_api.py:45: Moodle URL not configured</skipped></testcase><testcase classname="officials.tests.service.moodle.test_moodle_api.TestMoodleApi" name="test_get_user_result_for_exam" time="0.000"><skipped type="pytest.skip" message="Moodle URL not configured">/home/cda/dev/leaguesphere/officials/tests/service/moodle/test_moodle_api.py:58: Moodle URL not configured</skipped></testcase><testcase classname="officials.tests.service.moodle.test_moodle_api.TestMoodleApi" name="test_get_user_result_for_non_existing_exam" time="0.000"><skipped type="pytest.skip" message="Moodle URL not configured">/home/cda/dev/leaguesphere/officials/tests/service/moodle/test_moodle_api.py:69: Moodle URL not configured</skipped></testcase><testcase classname="officials.tests.service.moodle.test_moodle_api.TestMoodleApi" name="test_get_user_info" time="0.000"><skipped type="pytest.skip" message="Moodle URL not configured">/home/cda/dev/leaguesphere/officials/tests/service/moodle/test_moodle_api.py:80: Moodle URL not configured</skipped></testcase><testcase classname="officials.tests.service.moodle.test_moodle_service.TestLicenseCalculator" name="test_calculate_license[1-80-1]" time="0.001" /><testcase classname="officials.tests.service.moodle.test_moodle_service.TestLicenseCalculator" name="test_calculate_license[1-70-1]" time="0.001" /><testcase classname="officials.tests.service.moodle.test_moodle_service.TestLicenseCalculator" name="test_calculate_license[1-69-3]" time="0.001" /><testcase classname="officials.tests.service.moodle.test_moodle_service.TestLicenseCalculator" name="test_calculate_license[1-49-2]" time="0.001" /><testcase classname="officials.tests.service.moodle.test_moodle_service.TestLicenseCalculator" name="test_calculate_license[1-0-4]" time="0.001" /><testcase classname="officials.tests.service.moodle.test_moodle_service.TestLicenseCalculator" name="test_calculate_license[3-80-3]" time="0.001" /><testcase classname="officials.tests.service.moodle.test_moodle_service.TestLicenseCalculator" name="test_calculate_license[3-70-3]" time="0.001" /><testcase classname="officials.tests.service.moodle.test_moodle_service.TestLicenseCalculator" name="test_calculate_license[3-69-2]" time="0.001" /><testcase classname="officials.tests.service.moodle.test_moodle_service.TestLicenseCalculator" name="test_calculate_license[3-49-4]" time="0.001" /><testcase classname="officials.tests.service.moodle.test_moodle_service.TestLicenseCalculator" name="test_calculate_license[2-80-2]" time="0.001" /><testcase classname="officials.tests.service.moodle.test_moodle_service.TestLicenseCalculator" name="test_calculate_license[2-70-2]" time="0.001" /><testcase classname="officials.tests.service.moodle.test_moodle_service.TestLicenseCalculator" name="test_calculate_license[2-69-5]" time="0.001" /><testcase classname="officials.tests.service.moodle.test_moodle_service.TestLicenseCalculator" name="test_calculate_license[2-49-4]" time="0.001" /><testcase classname="officials.tests.service.moodle.test_moodle_service.TestLicenseCalculator" name="test_calculate_license[5-80-5]" time="0.001" /><testcase classname="officials.tests.service.moodle.test_moodle_service.TestLicenseCalculator" name="test_calculate_license[5-70-5]" time="0.001" /><testcase classname="officials.tests.service.moodle.test_moodle_service.TestLicenseCalculator" name="test_calculate_license[5-69-4]" time="0.001" /><testcase classname="officials.tests.service.moodle.test_moodle_service.TestLicenseCalculator" name="test_get_license_name" time="0.001" /><testcase classname="officials.tests.service.test_serializers.TestParticipationValidator" name="test_fails_minimum_consecutive_license_years" time="0.001" /><testcase classname="officials.tests.service.test_serializers.TestParticipationValidator" name="test_fails_current_license_requirement" time="0.001" /><testcase classname="passcheck.tests.api.test_serializers.TestPasscheckGamesListSerializer" name="test_serializer_output" time="0.001" /><testcase classname="passcheck.tests.api.test_views.TestPasscheckApprovalUrl" name="test_approval_url_needs_authentication" time="0.001" /><testcase classname="passcheck.tests.api.test_views.TestPasscheckApprovalUrl" name="test_get_success_url" time="0.001" /><testcase classname="passcheck.tests.api.test_views.TestPasscheckApprovalUrl" name="test_team_has_no_approval_url" time="0.001" /><testcase classname="passcheck.tests.service.test_request_api_service.TestRequestApiService" name="test_get_equipment_approval_url" time="0.001" /><testcase classname="passcheck.tests.service.test_request_api_service.TestRequestApiService" name="test_get_equipment_approval_url_team_not_found" time="0.001" /><testcase classname="passcheck.tests.service.test_request_api_service.TestRequestApiService" name="test_get_equipment_approval_url_permission_failed" time="0.088" /></testsuite></testsuites>